 flightControlSystem_sfun

 Timestamp is 697bbb9e (Thu Jan 29 20:57:18 2026)

 Preferred load address is 0000000180000000

 Start         Length     Name                   Class
 0001:00000000 0001bb00H .text$mn                CODE
 0001:0001bb00 00000036H .text$mn$00             CODE
 0001:0001bb36 00000092H .text$x                 CODE
 0002:00000000 000004c0H .idata$5                DATA
 0002:000004c0 00000038H .00cfg                  DATA
 0002:000004f8 00000008H .CRT$XCA                DATA
 0002:00000500 00000008H .CRT$XCZ                DATA
 0002:00000508 00000008H .CRT$XIA                DATA
 0002:00000510 00000008H .CRT$XIZ                DATA
 0002:00000518 00000008H .CRT$XPA                DATA
 0002:00000520 00000008H .CRT$XPZ                DATA
 0002:00000528 00000008H .CRT$XTA                DATA
 0002:00000530 00000010H .CRT$XTZ                DATA
 0002:00000538 00000000H .gehcont$y              DATA
 0002:00000538 00000000H .gfids$y                DATA
 0002:00000540 00000440H .rdata                  DATA
 0002:00000980 00000080H .rdata$CastGuardVftablesA DATA
 0002:00000a00 00000080H .rdata$CastGuardVftablesC DATA
 0002:00000a80 000001e8H .rdata$voltmd           DATA
 0002:00000c68 00000278H .rdata$zzzdbg           DATA
 0002:00000ee0 00000008H .rtc$IAA                DATA
 0002:00000ee8 00000008H .rtc$IZZ                DATA
 0002:00000ef0 00000008H .rtc$TAA                DATA
 0002:00000ef8 00000008H .rtc$TZZ                DATA
 0002:00000f00 00000bf0H .xdata                  DATA
 0002:00001af0 00000084H .edata                  DATA
 0002:00001b74 00000118H .idata$2                DATA
 0002:00001c8c 00000014H .idata$3                DATA
 0002:00001ca0 000004c0H .idata$4                DATA
 0002:00002160 00000d52H .idata$6                DATA
 0003:00000000 0000b010H .data                   DATA
 0003:0000b010 000012b0H .bss                    DATA
 0004:00000000 00000e70H .pdata                  DATA

  Address         Publics by Value              Rva+Base               Lib:Object

 0000:00000000       __AbsoluteZero             0000000000000000     <absolute>
 0000:00000000       ___safe_se_handler_count   0000000000000000     <absolute>
 0000:00000000       ___safe_se_handler_table   0000000000000000     <absolute>
 0000:00000000       __arm64x_extra_rfe_table   0000000000000000     <absolute>
 0000:00000000       __arm64x_extra_rfe_table_size 0000000000000000     <absolute>
 0000:00000000       __arm64x_native_entrypoint 0000000000000000     <absolute>
 0000:00000000       __arm64x_redirection_metadata 0000000000000000     <absolute>
 0000:00000000       __arm64x_redirection_metadata_count 0000000000000000     <absolute>
 0000:00000000       __dynamic_value_reloc_table 0000000000000000     <absolute>
 0000:00000000       __enclave_config           0000000000000000     <absolute>
 0000:00000000       __guard_check_icall_a64n_fptr 0000000000000000     <absolute>
 0000:00000000       __guard_eh_cont_count      0000000000000000     <absolute>
 0000:00000000       __guard_eh_cont_table      0000000000000000     <absolute>
 0000:00000000       __guard_fids_count         0000000000000000     <absolute>
 0000:00000000       __guard_fids_table         0000000000000000     <absolute>
 0000:00000000       __guard_iat_count          0000000000000000     <absolute>
 0000:00000000       __guard_iat_table          0000000000000000     <absolute>
 0000:00000000       __guard_longjmp_count      0000000000000000     <absolute>
 0000:00000000       __guard_longjmp_table      0000000000000000     <absolute>
 0000:00000000       __hybrid_auxiliary_delayload_iat 0000000000000000     <absolute>
 0000:00000000       __hybrid_auxiliary_delayload_iat_copy 0000000000000000     <absolute>
 0000:00000000       __hybrid_auxiliary_iat     0000000000000000     <absolute>
 0000:00000000       __hybrid_auxiliary_iat_copy 0000000000000000     <absolute>
 0000:00000000       __hybrid_code_map          0000000000000000     <absolute>
 0000:00000000       __hybrid_code_map_count    0000000000000000     <absolute>
 0000:00000000       __hybrid_image_info_bitfield 0000000000000000     <absolute>
 0000:00000000       __x64_code_ranges_to_entry_points 0000000000000000     <absolute>
 0000:00000000       __x64_code_ranges_to_entry_points_count 0000000000000000     <absolute>
 0000:00000100       __guard_flags              0000000000000100     <absolute>
 0000:00000000       __ImageBase                0000000180000000     <linker-defined>
 0001:00000000       flightControlSystem_initializer 0000000180001000 f   flightControlSystem_sfun.obj
 0001:00000010       flightControlSystem_terminator 0000000180001010 f   flightControlSystem_sfun.obj
 0001:00000020       load_flightControlSystem_optimization_info 0000000180001020 f   flightControlSystem_sfun.obj
 0001:000000d0       unload_flightControlSystem_optimization_info 00000001800010d0 f   flightControlSystem_sfun.obj
 0001:00000100       sf_flightControlSystem_method_dispatcher 0000000180001100 f   flightControlSystem_sfun.obj
 0001:00000170       sf_flightControlSystem_process_check_sum_call 0000000180001170 f   flightControlSystem_sfun.obj
 0001:00000680       sf_flightControlSystem_get_eml_resolved_functions_info 0000000180001680 f   flightControlSystem_sfun.obj
 0001:000008c0       sf_flightControlSystem_third_party_uses_info 00000001800018c0 f   flightControlSystem_sfun.obj
 0001:00000ac0       sf_flightControlSystem_jit_fallback_info 0000000180001ac0 f   flightControlSystem_sfun.obj
 0001:00000cc0       sf_flightControlSystem_get_post_codegen_info 0000000180001cc0 f   flightControlSystem_sfun.obj
 0001:00000ef0       sf_flightControlSystem_updateBuildInfo_args_info 0000000180001ef0 f   flightControlSystem_sfun.obj
 0001:000010f0       sf_c1_flightControlSystem_get_eml_resolved_functions_info 00000001800020f0 f   c1_flightControlSystem.obj
 0001:00001170       sf_c1_flightControlSystem_get_check_sum 0000000180002170 f   c1_flightControlSystem.obj
 0001:00001240       c1_flightControlSystem_method_dispatcher 0000000180002240 f   c1_flightControlSystem.obj
 0001:0000a5c0       sf_c1_flightControlSystem_third_party_uses_info 000000018000b5c0 f   c1_flightControlSystem.obj
 0001:0000a610       sf_c1_flightControlSystem_jit_fallback_info 000000018000b610 f   c1_flightControlSystem.obj
 0001:0000a7a0       sf_c1_flightControlSystem_updateBuildInfo_args_info 000000018000b7a0 f   c1_flightControlSystem.obj
 0001:0000aad0       sf_c1_flightControlSystem_get_post_codegen_info 000000018000bad0 f   c1_flightControlSystem.obj
 0001:0000b040       sf_c6_flightControlSystem_get_eml_resolved_functions_info 000000018000c040 f   c6_flightControlSystem.obj
 0001:0000b0c0       sf_c6_flightControlSystem_get_check_sum 000000018000c0c0 f   c6_flightControlSystem.obj
 0001:0000b190       c6_flightControlSystem_method_dispatcher 000000018000c190 f   c6_flightControlSystem.obj
 0001:0000e8f0       sf_c6_flightControlSystem_third_party_uses_info 000000018000f8f0 f   c6_flightControlSystem.obj
 0001:0000e940       sf_c6_flightControlSystem_jit_fallback_info 000000018000f940 f   c6_flightControlSystem.obj
 0001:0000ead0       sf_c6_flightControlSystem_updateBuildInfo_args_info 000000018000fad0 f   c6_flightControlSystem.obj
 0001:0000ee00       sf_c6_flightControlSystem_get_post_codegen_info 000000018000fe00 f   c6_flightControlSystem.obj
 0001:0000f2f0       mexFunction                00000001800102f0 f   flightControlSystem_sfun_registry.obj
 0001:00011c30       _ssSetInputPortDirectFeedThroughFcn 0000000180012c30 f   flightControlSystem_sfun_registry.obj
 0001:00011da0       _ssSetRWorkValueFcn        0000000180012da0 f   flightControlSystem_sfun_registry.obj
 0001:00011e20       _ssGetRWorkValueFcn        0000000180012e20 f   flightControlSystem_sfun_registry.obj
 0001:00011e90       _ssSetIWorkValueFcn        0000000180012e90 f   flightControlSystem_sfun_registry.obj
 0001:00011f10       _ssGetIWorkValueFcn        0000000180012f10 f   flightControlSystem_sfun_registry.obj
 0001:00011f80       _ssSetPWorkValueFcn        0000000180012f80 f   flightControlSystem_sfun_registry.obj
 0001:00012000       _ssGetPWorkValueFcn        0000000180013000 f   flightControlSystem_sfun_registry.obj
 0001:00012070       _ssGetInputPortSignalFcn   0000000180013070 f   flightControlSystem_sfun_registry.obj
 0001:00012400       _ssGetInputPortBufferDstPortFcn 0000000180013400 f   flightControlSystem_sfun_registry.obj
 0001:00012480       _ssGetInputPortSignalPtrsFcn 0000000180013480 f   flightControlSystem_sfun_registry.obj
 0001:00012810       ssGetParameterTuningCompliance 0000000180013810 f   flightControlSystem_sfun_registry.obj
 0001:00012880       _ssReadInputStringFcn      0000000180013880 f   flightControlSystem_sfun_registry.obj
 0001:000128f0       ssGetDTypeIdFromMxArray    00000001800138f0 f   flightControlSystem_sfun_registry.obj
 0001:00012a10       ssWriteRTWMx2dMatParam     0000000180013a10 f   flightControlSystem_sfun_registry.obj
 0001:00012aa0       ssWriteRTWMxVectParam      0000000180013aa0 f   flightControlSystem_sfun_registry.obj
 0001:00012b20       ssWriteRTWParameters       0000000180013b20 f   flightControlSystem_sfun_registry.obj
 0001:000130e0       ssWriteRTWParamSettings    00000001800140e0 f   flightControlSystem_sfun_registry.obj
 0001:000137d0       ssWriteRTWStr              00000001800147d0 f   flightControlSystem_sfun_registry.obj
 0001:00013830       ssWriteRTWWorkVect         0000000180014830 f   flightControlSystem_sfun_registry.obj
 0001:00013d90       ssWarning                  0000000180014d90 f   flightControlSystem_sfun_registry.obj
 0001:00013e80       ssGetRootSS                0000000180014e80 f   flightControlSystem_sfun_registry.obj
 0001:00013f40       ssGetParentSS              0000000180014f40 f   flightControlSystem_sfun_registry.obj
 0001:00014000       ssWriteRTWNameValuePair    0000000180015000 f   flightControlSystem_sfun_registry.obj
 0001:00014500       _ssSetInputPortMatrixDimensions 0000000180015500 f   flightControlSystem_sfun_registry.obj
 0001:00014650       _ssSetOutputPortMatrixDimensions 0000000180015650 f   flightControlSystem_sfun_registry.obj
 0001:000147a0       _ssSetInputPortVectorDimension 00000001800157a0 f   flightControlSystem_sfun_registry.obj
 0001:00014850       _ssSetOutputPortVectorDimension 0000000180015850 f   flightControlSystem_sfun_registry.obj
 0001:00014900       ssIsRunTimeParamTunable    0000000180015900 f   flightControlSystem_sfun_registry.obj
 0001:00014970       ssGetSFuncBlockHandle      0000000180015970 f   flightControlSystem_sfun_registry.obj
 0001:000149e0       _ssGetCallSystemNumFcnCallDestinations 00000001800159e0 f   flightControlSystem_sfun_registry.obj
 0001:00014a50       _ssGetCurrentInputPortWidth 0000000180015a50 f   flightControlSystem_sfun_registry.obj
 0001:00014b90       _ssGetCurrentOutputPortWidth 0000000180015b90 f   flightControlSystem_sfun_registry.obj
 0001:00014cd0       ssGetIsZeroCrossControlDisabled 0000000180015cd0 f   flightControlSystem_sfun_registry.obj
 0001:00014d40       ssSetIsInputPortUsedForContZcSignal 0000000180015d40 f   flightControlSystem_sfun_registry.obj
 0001:00014db0       ssSetZcSignalIsZcElementDisc 0000000180015db0 f   flightControlSystem_sfun_registry.obj
 0001:00014e60       ssSetZcSignalName          0000000180015e60 f   flightControlSystem_sfun_registry.obj
 0001:00014ed0       ssSetZcSignalWidth         0000000180015ed0 f   flightControlSystem_sfun_registry.obj
 0001:00014f40       ssSetZcSignalZcEventType   0000000180015f40 f   flightControlSystem_sfun_registry.obj
 0001:00014fb0       ssSetZcSignalType          0000000180015fb0 f   flightControlSystem_sfun_registry.obj
 0001:00015020       ssSetZcSignalZcTol         0000000180016020 f   flightControlSystem_sfun_registry.obj
 0001:00015090       ssSetZcSignalNeedsEventNotification 0000000180016090 f   flightControlSystem_sfun_registry.obj
 0001:00015100       ssCreateAndAddZcSignalInfo 0000000180016100 f   flightControlSystem_sfun_registry.obj
 0001:00015170       ssCloneAndAddZcSignalInfo  0000000180016170 f   flightControlSystem_sfun_registry.obj
 0001:000151e0       ssGetNumZcSignals          00000001800161e0 f   flightControlSystem_sfun_registry.obj
 0001:00015250       ssGetZcSignalVector        0000000180016250 f   flightControlSystem_sfun_registry.obj
 0001:000152c0       ssGetZcSignalName          00000001800162c0 f   flightControlSystem_sfun_registry.obj
 0001:00015330       ssGetZcSignalWidth         0000000180016330 f   flightControlSystem_sfun_registry.obj
 0001:000153a0       ssGetZcSignalZcEventType   00000001800163a0 f   flightControlSystem_sfun_registry.obj
 0001:00015410       ssGetZcSignalZcEvents      0000000180016410 f   flightControlSystem_sfun_registry.obj
 0001:00015480       ssGetZcSignalType          0000000180016480 f   flightControlSystem_sfun_registry.obj
 0001:000154f0       ssGetZcSignalZcTol         00000001800164f0 f   flightControlSystem_sfun_registry.obj
 0001:00015570       ssGetZcSignalNeedsEventNotification 0000000180016570 f   flightControlSystem_sfun_registry.obj
 0001:000155e0       ssGetZcSignalIsZcElementDisc 00000001800165e0 f   flightControlSystem_sfun_registry.obj
 0001:00015680       ssGetIsInputPortElementContinuous 0000000180016680 f   flightControlSystem_sfun_registry.obj
 0001:00015720       _ssGetAbsTol               0000000180016720 f   flightControlSystem_sfun_registry.obj
 0001:00015790       _ssSetStateAbsTol          0000000180016790 f   flightControlSystem_sfun_registry.obj
 0001:00015870       _ssSetInputPortReusableFcn 0000000180016870 f   flightControlSystem_sfun_registry.obj
 0001:00015970       _ssSetOutputPortReusableFcn 0000000180016970 f   flightControlSystem_sfun_registry.obj
 0001:00015a70       _ssSetSymbolicDimsSupport  0000000180016a70 f   flightControlSystem_sfun_registry.obj
 0001:00015ae0       _ssRegisterSymbolicDimsExpr 0000000180016ae0 f   flightControlSystem_sfun_registry.obj
 0001:00015b60       _ssRegisterSymbolicDimsMATLABExpr 0000000180016b60 f   flightControlSystem_sfun_registry.obj
 0001:00015bf0       _ssRegisterSymbolicDims    0000000180016bf0 f   flightControlSystem_sfun_registry.obj
 0001:00015c90       _ssRegisterSymbolicDimsString 0000000180016c90 f   flightControlSystem_sfun_registry.obj
 0001:00015d10       _ssRegisterSymbolicDimsIntValue 0000000180016d10 f   flightControlSystem_sfun_registry.obj
 0001:00015d80       _ssRegisterSymbolicEqualRelation 0000000180016d80 f   flightControlSystem_sfun_registry.obj
 0001:00015df0       _ssRegisterSymbolicEqualValue 0000000180016df0 f   flightControlSystem_sfun_registry.obj
 0001:00015e60       _ssAmendLeadingSymbolicDims 0000000180016e60 f   flightControlSystem_sfun_registry.obj
 0001:00015ee0       _ssAmendTrailingSymbolicDims 0000000180016ee0 f   flightControlSystem_sfun_registry.obj
 0001:00015f60       _ssRegisterSymbolicDimsPlus 0000000180016f60 f   flightControlSystem_sfun_registry.obj
 0001:00015fe0       _ssRegisterSymbolicDimsMinus 0000000180016fe0 f   flightControlSystem_sfun_registry.obj
 0001:00016060       _ssRegisterSymbolicDimsMultiply 0000000180017060 f   flightControlSystem_sfun_registry.obj
 0001:000160e0       _ssRegisterSymbolicDimsDivide 00000001800170e0 f   flightControlSystem_sfun_registry.obj
 0001:00016160       _ssGetNumSymbolicDims      0000000180017160 f   flightControlSystem_sfun_registry.obj
 0001:000161d0       _ssGetSymbolicDim          00000001800171d0 f   flightControlSystem_sfun_registry.obj
 0001:00016250       _ssSetInputPortSymbolicDimsId 0000000180017250 f   flightControlSystem_sfun_registry.obj
 0001:000162c0       _ssGetCompInputPortSymbolicDimsId 00000001800172c0 f   flightControlSystem_sfun_registry.obj
 0001:00016330       _ssSetCompInputPortSymbolicDimsId 0000000180017330 f   flightControlSystem_sfun_registry.obj
 0001:000163a0       _ssSetOutputPortSymbolicDimsId 00000001800173a0 f   flightControlSystem_sfun_registry.obj
 0001:00016410       _ssGetCompOutputPortSymbolicDimsId 0000000180017410 f   flightControlSystem_sfun_registry.obj
 0001:00016480       _ssSetCompOutputPortSymbolicDimsId 0000000180017480 f   flightControlSystem_sfun_registry.obj
 0001:000164f0       _ssGetDWorkSymbolicDimsId  00000001800174f0 f   flightControlSystem_sfun_registry.obj
 0001:00016560       _ssSetDWorkSymbolicDimsId  0000000180017560 f   flightControlSystem_sfun_registry.obj
 0001:000165d0       _ssGetCompDWorkSymbolicDimsId 00000001800175d0 f   flightControlSystem_sfun_registry.obj
 0001:00016640       _ssSetCompDWorkSymbolicDimsId 0000000180017640 f   flightControlSystem_sfun_registry.obj
 0001:000166b0       _ssCreateSLCGStringBuffer  00000001800176b0 f   flightControlSystem_sfun_registry.obj
 0001:00016720       _ssAddToSLCGStringBuffer   0000000180017720 f   flightControlSystem_sfun_registry.obj
 0001:00016790       _ssGetPointerContainedData 0000000180017790 f   flightControlSystem_sfun_registry.obj
 0001:00016820       _ssGetPointerContainedDataWidth 0000000180017820 f   flightControlSystem_sfun_registry.obj
 0001:000168b0       _ssRegisterDynamicArrayDataTypeFcn 00000001800178b0 f   flightControlSystem_sfun_registry.obj
 0001:00016950       _ssGetDynamicArrayContainedDataCurrentWidthFcn 0000000180017950 f   flightControlSystem_sfun_registry.obj
 0001:00016a20       _ssGetDynamicArrayContainedDataFcn 0000000180017a20 f   flightControlSystem_sfun_registry.obj
 0001:00016af0       _ssGetInputPortDynamicArrayDataFcn 0000000180017af0 f   flightControlSystem_sfun_registry.obj
 0001:00016bb0       _ssGetOutputPortDynamicArrayDataFcn 0000000180017bb0 f   flightControlSystem_sfun_registry.obj
 0001:00016c70       _ssGetInputPortDynamicArrayContainedDataFcn 0000000180017c70 f   flightControlSystem_sfun_registry.obj
 0001:00016d30       _ssGetOutputPortDynamicArrayContainedDataFcn 0000000180017d30 f   flightControlSystem_sfun_registry.obj
 0001:00016df0       _ssGetDynamicArrayDWorkContainedDataFcn 0000000180017df0 f   flightControlSystem_sfun_registry.obj
 0001:00016eb0       sf_process_check_sum_call  0000000180017eb0 f   flightControlSystem_sfun_registry.obj
 0001:00016f00       sf_process_get_third_party_uses_info_call 0000000180017f00 f   flightControlSystem_sfun_registry.obj
 0001:00017130       sf_process_get_jit_fallback_info_call 0000000180018130 f   flightControlSystem_sfun_registry.obj
 0001:00017360       sf_process_get_post_codegen_info_call 0000000180018360 f   flightControlSystem_sfun_registry.obj
 0001:00017590       sf_process_get_updateBuildInfo_args_info_call 0000000180018590 f   flightControlSystem_sfun_registry.obj
 0001:000177c0       sf_process_get_eml_resolved_functions_info_call 00000001800187c0 f   flightControlSystem_sfun_registry.obj
 0001:000179f0       sf_mex_unlock_call         00000001800189f0 f   flightControlSystem_sfun_registry.obj
 0001:00017c10       sf_machine_global_initializer_called 0000000180018c10 f   flightControlSystem_sfun_registry.obj
 0001:00017c40       sf_machine_global_method_dispatcher 0000000180018c40 f   flightControlSystem_sfun_registry.obj
 0001:00017ca0       sf_machine_global_terminator 0000000180018ca0 f   flightControlSystem_sfun_registry.obj
 0001:00017ce0       callCustomFcn              0000000180018ce0 f   flightControlSystem_sfun_registry.obj
 0001:00017cf0       sf_machine_global_initializer 0000000180018cf0 f   flightControlSystem_sfun_registry.obj
 0001:00017d20       mdlGetSimState             0000000180018d20 f   flightControlSystem_sfun_registry.obj
 0001:00017d60       mdlSetSimState             0000000180018d60 f   flightControlSystem_sfun_registry.obj
 0001:00018710       ProcessMexSfunctionEveryCall 0000000180019710 f   flightControlSystem_sfun_registry.obj
 0001:000198a0       __local_stdio_printf_options 000000018001a8a0 f i flightControlSystem_sfun_registry.obj
 0001:000198b0       _vsnprintf_l               000000018001a8b0 f i flightControlSystem_sfun_registry.obj
 0001:00019930       _vsprintf_l                000000018001a930 f i flightControlSystem_sfun_registry.obj
 0001:00019980       sprintf                    000000018001a980 f i flightControlSystem_sfun_registry.obj
 0001:000199d0       mexfilerequiredapiversion  000000018001a9d0 f   c_mexapi_version.obj
 0001:00019a00       getBitfieldFromFloat       000000018001aa00 f   half_type.obj
 0001:00019a30       getFloatFromBitfield       000000018001aa30 f   half_type.obj
 0001:00019a60       getBitfieldFromHalf        000000018001aa60 f   half_type.obj
 0001:00019a80       getHalfFromBitfield        000000018001aa80 f   half_type.obj
 0001:00019ab0       halfToFloat                000000018001aab0 f   half_type.obj
 0001:00019c30       halfToDouble               000000018001ac30 f   half_type.obj
 0001:00019c60       floatToHalf                000000018001ac60 f   half_type.obj
 0001:00019ec0       doubleToHalf               000000018001aec0 f   half_type.obj
 0001:0001a1ab       bwlookup_tbb_boolean       000000018001b1ab f   libmwbwlookup_tbb:libmwbwlookup_tbb.dll
 0001:0001a1b1       bwlookup_tbb_real64        000000018001b1b1 f   libmwbwlookup_tbb:libmwbwlookup_tbb.dll
 0001:0001a1b7       sf_load_rtw_optimization_info 000000018001b1b7 f   sf_runtime:sf_runtime.dll
 0001:0001a1bd       sf_mex_decode              000000018001b1bd f   sf_runtime:sf_runtime.dll
 0001:0001a1c3       sf_init_ChartRunTimeInfo   000000018001b1c3 f   sf_runtime:sf_runtime.dll
 0001:0001a1c9       sf_free_ChartRunTimeInfo   000000018001b1c9 f   sf_runtime:sf_runtime.dll
 0001:0001a1cf       sf_reset_warnings_ChartRunTimeInfo 000000018001b1cf f   sf_runtime:sf_runtime.dll
 0001:0001a1d5       sfrtGetEmlrtCtx            000000018001b1d5 f   sf_runtime:sf_runtime.dll
 0001:0001a1db       sfrtGetCovrtInstance       000000018001b1db f   sf_runtime:sf_runtime.dll
 0001:0001a1e1       sf_get_chart_instance_ptr  000000018001b1e1 f   sf_runtime:sf_runtime.dll
 0001:0001a1e7       sfSetAnimationVectors      000000018001b1e7 f   sf_runtime:sf_runtime.dll
 0001:0001a1ed       sim_mode_is_rtw_gen        000000018001b1ed f   sf_runtime:sf_runtime.dll
 0001:0001a1f3       sim_mode_is_external       000000018001b1f3 f   sf_runtime:sf_runtime.dll
 0001:0001a1f9       sf_mex_listen_for_ctrl_c   000000018001b1f9 f   sf_runtime:sf_runtime.dll
 0001:0001a1ff       sf_clear_rtw_identifier    000000018001b1ff f   sf_runtime:sf_runtime.dll
 0001:0001a205       sf_get_time                000000018001b205 f   sf_runtime:sf_runtime.dll
 0001:0001a20b       sf_set_work_widths         000000018001b20b f   sf_runtime:sf_runtime.dll
 0001:0001a211       sf_error_out_about_continuous_sample_time_with_persistent_vars 000000018001b211 f   sf_runtime:sf_runtime.dll
 0001:0001a217       sfHasContStates            000000018001b217 f   sf_runtime:sf_runtime.dll
 0001:0001a21d       supportsLegacyBehaviorForPersistentVarInContinuousTime 000000018001b21d f   sf_runtime:sf_runtime.dll
 0001:0001a223       mdlProcessParamsCommon     000000018001b223 f   sf_runtime:sf_runtime.dll
 0001:0001a229       sf_mex_call                000000018001b229 f   sf_runtime:sf_runtime.dll
 0001:0001a22f       sf_mex_error_message       000000018001b22f f   sf_runtime:sf_runtime.dll
 0001:0001a235       sf_mex_create              000000018001b235 f   sf_runtime:sf_runtime.dll
 0001:0001a23b       sf_mex_createcellmatrix    000000018001b23b f   sf_runtime:sf_runtime.dll
 0001:0001a241       sf_mex_setcell             000000018001b241 f   sf_runtime:sf_runtime.dll
 0001:0001a247       sf_mex_getcell             000000018001b247 f   sf_runtime:sf_runtime.dll
 0001:0001a24d       sf_mex_assign              000000018001b24d f   sf_runtime:sf_runtime.dll
 0001:0001a253       sf_mex_dup                 000000018001b253 f   sf_runtime:sf_runtime.dll
 0001:0001a259       sf_mex_destroy             000000018001b259 f   sf_runtime:sf_runtime.dll
 0001:0001a25f       sf_mex_import              000000018001b25f f   sf_runtime:sf_runtime.dll
 0001:0001a265       ssGetInputPortSignal_wrapper 000000018001b265 f   sf_runtime:sf_runtime.dll
 0001:0001a26b       ssGetOutputPortSignal_wrapper 000000018001b26b f   sf_runtime:sf_runtime.dll
 0001:0001a271       sf_get_ChartInfoStruct_CodeGen 000000018001b271 f   sf_runtime:sf_runtime.dll
 0001:0001a277       sf_get_hasSeparateUpdateOutputs 000000018001b277 f   sf_runtime:sf_runtime.dll
 0001:0001a27d       callMdlMethodAndReportError 000000018001b27d f   sf_runtime:sf_runtime.dll
 0001:0001a283       call_sf_machine_global_method_dispatcher 000000018001b283 f   sf_runtime:sf_runtime.dll
 0001:0001a289       getRuntimeInstanceInfoAsVoid 000000018001b289 f   sf_runtime:sf_runtime.dll
 0001:0001a28f       sf_mex_error_direct_call   000000018001b28f f   sf_runtime:sf_runtime.dll
 0001:0001a295       sf_clear_error_manager_info 000000018001b295 f   sf_runtime:sf_runtime.dll
 0001:0001a29b       mxIsChar_800               000000018001b29b f   libmx:libmx.dll
 0001:0001a2a1       mxGetScalar_800            000000018001b2a1 f   libmx:libmx.dll
 0001:0001a2a7       mxGetPr_800                000000018001b2a7 f   libmx:libmx.dll
 0001:0001a2ad       mxDestroyArray_800         000000018001b2ad f   libmx:libmx.dll
 0001:0001a2b3       mxCreateDoubleMatrix_800   000000018001b2b3 f   libmx:libmx.dll
 0001:0001a2b9       mxGetString_800            000000018001b2b9 f   libmx:libmx.dll
 0001:0001a2bf       mxDuplicateArray_800       000000018001b2bf f   libmx:libmx.dll
 0001:0001a2c5       mxIsEmpty_800              000000018001b2c5 f   libmx:libmx.dll
 0001:0001a2cb       mxSetCell_800              000000018001b2cb f   libmx:libmx.dll
 0001:0001a2d1       mxSetField_800             000000018001b2d1 f   libmx:libmx.dll
 0001:0001a2d7       mxCreateString_800         000000018001b2d7 f   libmx:libmx.dll
 0001:0001a2dd       mxCreateCellMatrix_800     000000018001b2dd f   libmx:libmx.dll
 0001:0001a2e3       mxCreateStructMatrix_800   000000018001b2e3 f   libmx:libmx.dll
 0001:0001a2e9       mxCalloc_800               000000018001b2e9 f   libmx:libmx.dll
 0001:0001a2ef       mxGetM_800                 000000018001b2ef f   libmx:libmx.dll
 0001:0001a2f5       mxGetClassID_800           000000018001b2f5 f   libmx:libmx.dll
 0001:0001a2fb       mxIsNumeric_800            000000018001b2fb f   libmx:libmx.dll
 0001:0001a301       mxIsComplex_800            000000018001b301 f   libmx:libmx.dll
 0001:0001a307       mxGetN_800                 000000018001b307 f   libmx:libmx.dll
 0001:0001a30d       mxCreateDoubleScalar_800   000000018001b30d f   libmx:libmx.dll
 0001:0001a313       mexMakeArrayPersistent_800 000000018001b313 f   libmex:libmex.dll
 0001:0001a319       mexErrMsgTxt_800           000000018001b319 f   libmex:libmex.dll
 0001:0001a31f       mexWarnMsgTxt_800          000000018001b31f f   libmex:libmex.dll
 0001:0001a325       mexCallMATLAB_800          000000018001b325 f   libmex:libmex.dll
 0001:0001a32b       mexLock_800                000000018001b32b f   libmex:libmex.dll
 0001:0001a331       mexUnlock_800              000000018001b331 f   libmex:libmex.dll
 0001:0001a337       mexIsLocked_800            000000018001b337 f   libmex:libmex.dll
 0001:0001a33d       utMalloc                   000000018001b33d f   libut:libut.dll
 0001:0001a343       utFree                     000000018001b343 f   libut:libut.dll
 0001:0001a349       muDoubleScalarFloor        000000018001b349 f   libmwmathutil:libmwmathutil.dll
 0001:0001a34f       muSingleScalarAbs          000000018001b34f f   libmwmathutil:libmwmathutil.dll
 0001:0001a355       muSingleScalarRound        000000018001b355 f   libmwmathutil:libmwmathutil.dll
 0001:0001a35b       muSingleScalarSqrt         000000018001b35b f   libmwmathutil:libmwmathutil.dll
 0001:0001a361       emlrtLicenseCheckR2022a    000000018001b361 f   libemlrt:libemlrt.dll
 0001:0001a367       emlrtDynamicBoundsCheckR2012b 000000018001b367 f   libemlrt:libemlrt.dll
 0001:0001a36d       emlrtIntegerCheckR2012b    000000018001b36d f   libemlrt:libemlrt.dll
 0001:0001a373       emlrtForLoopVectorCheckR2021a 000000018001b373 f   libemlrt:libemlrt.dll
 0001:0001a379       covrtCreateStateflowInstanceData 000000018001b379 f   libcovrt:libcovrt.dll
 0001:0001a37f       covrtDeleteStateflowInstanceData 000000018001b37f f   libcovrt:libcovrt.dll
 0001:0001a385       covrtTransInitFcn          000000018001b385 f   libcovrt:libcovrt.dll
 0001:0001a38b       covrtStateInitFcn          000000018001b38b f   libcovrt:libcovrt.dll
 0001:0001a391       covrtChartInitFcn          000000018001b391 f   libcovrt:libcovrt.dll
 0001:0001a397       covrtRelationalopUpdateFcn 000000018001b397 f   libcovrt:libcovrt.dll
 0001:0001a39d       covrtSigUpdateFcnAssumingCovEnabled 000000018001b39d f   libcovrt:libcovrt.dll
 0001:0001a3a3       covrtIsSigCovEnabledFcn    000000018001b3a3 f   libcovrt:libcovrt.dll
 0001:0001a3a9       covrtEmlInitFcn            000000018001b3a9 f   libcovrt:libcovrt.dll
 0001:0001a3af       covrtEmlFcnInitFcn         000000018001b3af f   libcovrt:libcovrt.dll
 0001:0001a3b5       covrtEmlIfInitFcn          000000018001b3b5 f   libcovrt:libcovrt.dll
 0001:0001a3bb       covrtEmlForInitFcn         000000018001b3bb f   libcovrt:libcovrt.dll
 0001:0001a3c1       covrtEmlMCDCInitFcn        000000018001b3c1 f   libcovrt:libcovrt.dll
 0001:0001a3c7       covrtEmlRelationalInitFcn  000000018001b3c7 f   libcovrt:libcovrt.dll
 0001:0001a3cd       covrtEmlFcnEval            000000018001b3cd f   libcovrt:libcovrt.dll
 0001:0001a3d3       covrtEmlIfEval             000000018001b3d3 f   libcovrt:libcovrt.dll
 0001:0001a3d9       covrtEmlForEval            000000018001b3d9 f   libcovrt:libcovrt.dll
 0001:0001a3df       covrtEmlCondEval           000000018001b3df f   libcovrt:libcovrt.dll
 0001:0001a3e5       covrtEmlMcdcEval           000000018001b3e5 f   libcovrt:libcovrt.dll
 0001:0001a3eb       covrtSigUpdateFcn          000000018001b3eb f   libcovrt:libcovrt.dll
 0001:0001a3f4       __raise_securityfailure    000000018001b3f4 f   MSVCRT:gs_report.obj
 0001:0001a428       __report_gsfailure         000000018001b428 f   MSVCRT:gs_report.obj
 0001:0001a4fc       __report_rangecheckfailure 000000018001b4fc f   MSVCRT:gs_report.obj
 0001:0001a510       __report_securityfailure   000000018001b510 f   MSVCRT:gs_report.obj
 0001:0001a5b0       __report_securityfailureEx 000000018001b5b0 f   MSVCRT:gs_report.obj
 0001:0001a7a4       __GSHandlerCheck           000000018001b7a4 f   MSVCRT:gshandler.obj
 0001:0001a7c4       __GSHandlerCheckCommon     000000018001b7c4 f   MSVCRT:gshandler.obj
 0001:0001a840       __security_check_cookie    000000018001b840 f   MSVCRT:amdsecgs.obj
 0001:0001a870       __chkstk                   000000018001b870 f   MSVCRT:chkstk.obj
 0001:0001a870       _alloca_probe              000000018001b870 f   MSVCRT:chkstk.obj
 0001:0001abf0       _CRT_INIT                  000000018001bbf0 f   MSVCRT:dll_dllmain.obj
 0001:0001abf8       _DllMainCRTStartup         000000018001bbf8 f   MSVCRT:dll_dllmain.obj
 0001:0001aca8       __security_init_cookie     000000018001bca8 f   MSVCRT:gs_support.obj
 0001:0001ad58       DllMain                    000000018001bd58 f   MSVCRT:dll_dllmain_stub.obj
 0001:0001ad7c       ?__scrt_initialize_type_info@@YAXXZ 000000018001bd7c f   MSVCRT:tncleanup.obj
 0001:0001ad8c       ?__scrt_uninitialize_type_info@@YAXXZ 000000018001bd8c f   MSVCRT:tncleanup.obj
 0001:0001ad98       __local_stdio_scanf_options 000000018001bd98 f i MSVCRT:default_local_stdio_options.obj
 0001:0001ada0       __scrt_initialize_default_local_stdio_options 000000018001bda0 f   MSVCRT:default_local_stdio_options.obj
 0001:0001adbc       ?configure_argv@__scrt_narrow_argv_policy@@SAHXZ 000000018001bdbc f i MSVCRT:utility.obj
 0001:0001ae1c       ?initialize_environment@__scrt_narrow_environment_policy@@SAHXZ 000000018001be1c f i MSVCRT:utility.obj
 0001:0001ae54       NtCurrentTeb               000000018001be54 f i MSVCRT:utility.obj
 0001:0001ae60       __scrt_acquire_startup_lock 000000018001be60 f   MSVCRT:utility.obj
 0001:0001ae9c       __scrt_dllmain_after_initialize_c 000000018001be9c f   MSVCRT:utility.obj
 0001:0001aed0       __scrt_dllmain_before_initialize_c 000000018001bed0 f   MSVCRT:utility.obj
 0001:0001aee8       __scrt_dllmain_crt_thread_attach 000000018001bee8 f   MSVCRT:utility.obj
 0001:0001af10       __scrt_dllmain_crt_thread_detach 000000018001bf10 f   MSVCRT:utility.obj
 0001:0001af28       __scrt_dllmain_exception_filter 000000018001bf28 f   MSVCRT:utility.obj
 0001:0001af88       __scrt_dllmain_uninitialize_c 000000018001bf88 f   MSVCRT:utility.obj
 0001:0001afb8       __scrt_dllmain_uninitialize_critical 000000018001bfb8 f   MSVCRT:utility.obj
 0001:0001afcc       __scrt_initialize_crt      000000018001bfcc f   MSVCRT:utility.obj
 0001:0001b008       __scrt_initialize_onexit_tables 000000018001c008 f   MSVCRT:utility.obj
 0001:0001b094       __scrt_is_nonwritable_in_current_image 000000018001c094 f   MSVCRT:utility.obj
 0001:0001b12c       __scrt_release_startup_lock 000000018001c12c f   MSVCRT:utility.obj
 0001:0001b150       __scrt_uninitialize_crt    000000018001c150 f   MSVCRT:utility.obj
 0001:0001b17c       _onexit                    000000018001c17c f   MSVCRT:utility.obj
 0001:0001b1b8       at_quick_exit              000000018001c1b8 f   MSVCRT:utility.obj
 0001:0001b1d8       atexit                     000000018001c1d8 f   MSVCRT:utility.obj
 0001:0001b1f0       __scrt_get_dyn_tls_init_callback 000000018001c1f0 f   MSVCRT:dyn_tls_init.obj
 0001:0001b1f8       __crt_debugger_hook        000000018001c1f8 f   MSVCRT:utility_desktop.obj
 0001:0001b204       __scrt_fastfail            000000018001c204 f   MSVCRT:utility_desktop.obj
 0001:0001b350       __scrt_get_show_window_mode 000000018001c350 f   MSVCRT:utility_desktop.obj
 0001:0001b38c       __scrt_initialize_mta      000000018001c38c f   MSVCRT:utility_desktop.obj
 0001:0001b394       __scrt_initialize_winrt    000000018001c394 f   MSVCRT:utility_desktop.obj
 0001:0001b398       __scrt_is_managed_app      000000018001c398 f   MSVCRT:utility_desktop.obj
 0001:0001b3ec       __scrt_set_unhandled_exception_filter 000000018001c3ec f   MSVCRT:utility_desktop.obj
 0001:0001b3fc       __scrt_exe_initialize_mta  000000018001c3fc f   MSVCRT:utility_desktop.obj
 0001:0001b3fc       __scrt_stub_for_initialize_mta 000000018001c3fc f   MSVCRT:utility_desktop.obj
 0001:0001b400       __scrt_unhandled_exception_filter 000000018001c400 f   MSVCRT:utility_desktop.obj
 0001:0001b464       _RTC_Initialize            000000018001c464 f   MSVCRT:initsect.obj
 0001:0001b4a0       _RTC_Terminate             000000018001c4a0 f   MSVCRT:initsect.obj
 0001:0001b4dc       _guard_check_icall_nop     000000018001c4dc f i MSVCRT:guard_support.obj
 0001:0001b4e0       ReadNoFence64              000000018001c4e0 f i MSVCRT:guard_support.obj
 0001:0001b4e4       ReadPointerNoFence         000000018001c4e4 f i MSVCRT:guard_support.obj
 0001:0001b4e8       __castguard_check_failure_debugbreak 000000018001c4e8 f i MSVCRT:guard_support.obj
 0001:0001b504       __castguard_check_failure_fastfail 000000018001c504 f i MSVCRT:guard_support.obj
 0001:0001b528       __castguard_check_failure_nop 000000018001c528 f i MSVCRT:guard_support.obj
 0001:0001b52c       __castguard_check_failure_os_handled 000000018001c52c f i MSVCRT:guard_support.obj
 0001:0001b578       __castguard_check_failure_user_handled 000000018001c578 f i MSVCRT:guard_support.obj
 0001:0001b5ec       __castguard_set_user_handler 000000018001c5ec f i MSVCRT:guard_support.obj
 0001:0001b5f8       __castguard_slow_path_check_debugbreak 000000018001c5f8 f i MSVCRT:guard_support.obj
 0001:0001b62c       __castguard_slow_path_check_fastfail 000000018001c62c f i MSVCRT:guard_support.obj
 0001:0001b668       __castguard_slow_path_check_nop 000000018001c668 f i MSVCRT:guard_support.obj
 0001:0001b66c       __castguard_slow_path_check_os_handled 000000018001c66c f i MSVCRT:guard_support.obj
 0001:0001b6b8       __castguard_slow_path_check_user_handled 000000018001c6b8 f i MSVCRT:guard_support.obj
 0001:0001b724       _guard_icall_checks_enforced 000000018001c724 f i MSVCRT:guard_support.obj
 0001:0001b73c       _guard_rf_checks_enforced  000000018001c73c f i MSVCRT:guard_support.obj
 0001:0001b740       __isa_available_init       000000018001c740 f   MSVCRT:cpu_disp.obj
 0001:0001b9d8       _get_startup_argv_mode     000000018001c9d8 f   MSVCRT:argv_mode.obj
 0001:0001b9e0       __scrt_is_ucrt_dll_in_use  000000018001c9e0 f   MSVCRT:ucrt_detection.obj
 0001:0001b9f0       RtlCaptureContext          000000018001c9f0 f   kernel32:KERNEL32.dll
 0001:0001b9f6       RtlLookupFunctionEntry     000000018001c9f6 f   kernel32:KERNEL32.dll
 0001:0001b9fc       RtlVirtualUnwind           000000018001c9fc f   kernel32:KERNEL32.dll
 0001:0001ba02       UnhandledExceptionFilter   000000018001ca02 f   kernel32:KERNEL32.dll
 0001:0001ba08       SetUnhandledExceptionFilter 000000018001ca08 f   kernel32:KERNEL32.dll
 0001:0001ba0e       GetCurrentProcess          000000018001ca0e f   kernel32:KERNEL32.dll
 0001:0001ba14       TerminateProcess           000000018001ca14 f   kernel32:KERNEL32.dll
 0001:0001ba1a       IsProcessorFeaturePresent  000000018001ca1a f   kernel32:KERNEL32.dll
 0001:0001ba20       QueryPerformanceCounter    000000018001ca20 f   kernel32:KERNEL32.dll
 0001:0001ba26       GetCurrentProcessId        000000018001ca26 f   kernel32:KERNEL32.dll
 0001:0001ba2c       GetCurrentThreadId         000000018001ca2c f   kernel32:KERNEL32.dll
 0001:0001ba32       GetSystemTimeAsFileTime    000000018001ca32 f   kernel32:KERNEL32.dll
 0001:0001ba38       DisableThreadLibraryCalls  000000018001ca38 f   kernel32:KERNEL32.dll
 0001:0001ba3e       InitializeSListHead        000000018001ca3e f   kernel32:KERNEL32.dll
 0001:0001ba44       IsDebuggerPresent          000000018001ca44 f   kernel32:KERNEL32.dll
 0001:0001ba4a       GetStartupInfoW            000000018001ca4a f   kernel32:KERNEL32.dll
 0001:0001ba50       GetModuleHandleW           000000018001ca50 f   kernel32:KERNEL32.dll
 0001:0001ba56       memset                     000000018001ca56 f   vcruntime:VCRUNTIME140.dll
 0001:0001ba5c       memcpy                     000000018001ca5c f   vcruntime:VCRUNTIME140.dll
 0001:0001ba62       __C_specific_handler       000000018001ca62 f   vcruntime:VCRUNTIME140.dll
 0001:0001ba68       __std_type_info_destroy_list 000000018001ca68 f   vcruntime:VCRUNTIME140.dll
 0001:0001ba6e       __current_exception        000000018001ca6e f   vcruntime:VCRUNTIME140.dll
 0001:0001ba74       __current_exception_context 000000018001ca74 f   vcruntime:VCRUNTIME140.dll
 0001:0001ba7a       strcmp                     000000018001ca7a f   ucrt:api-ms-win-crt-string-l1-1-0.dll
 0001:0001ba80       strcat                     000000018001ca80 f   ucrt:api-ms-win-crt-string-l1-1-0.dll
 0001:0001ba86       __stdio_common_vsprintf    000000018001ca86 f   ucrt:api-ms-win-crt-stdio-l1-1-0.dll
 0001:0001ba8c       free                       000000018001ca8c f   ucrt:api-ms-win-crt-heap-l1-1-0.dll
 0001:0001ba92       malloc                     000000018001ca92 f   ucrt:api-ms-win-crt-heap-l1-1-0.dll
 0001:0001ba98       strlen                     000000018001ca98 f   ucrt:api-ms-win-crt-string-l1-1-0.dll
 0001:0001ba9e       _initterm                  000000018001ca9e f   ucrt:api-ms-win-crt-runtime-l1-1-0.dll
 0001:0001baa4       _initterm_e                000000018001caa4 f   ucrt:api-ms-win-crt-runtime-l1-1-0.dll
 0001:0001baaa       _seh_filter_dll            000000018001caaa f   ucrt:api-ms-win-crt-runtime-l1-1-0.dll
 0001:0001bab0       _configure_narrow_argv     000000018001cab0 f   ucrt:api-ms-win-crt-runtime-l1-1-0.dll
 0001:0001bab6       _initialize_narrow_environment 000000018001cab6 f   ucrt:api-ms-win-crt-runtime-l1-1-0.dll
 0001:0001babc       _initialize_onexit_table   000000018001cabc f   ucrt:api-ms-win-crt-runtime-l1-1-0.dll
 0001:0001bac2       _register_onexit_function  000000018001cac2 f   ucrt:api-ms-win-crt-runtime-l1-1-0.dll
 0001:0001bac8       _execute_onexit_table      000000018001cac8 f   ucrt:api-ms-win-crt-runtime-l1-1-0.dll
 0001:0001bace       _crt_atexit                000000018001cace f   ucrt:api-ms-win-crt-runtime-l1-1-0.dll
 0001:0001bad4       _crt_at_quick_exit         000000018001cad4 f   ucrt:api-ms-win-crt-runtime-l1-1-0.dll
 0001:0001bada       _cexit                     000000018001cada f   ucrt:api-ms-win-crt-runtime-l1-1-0.dll
 0001:0001bae0       terminate                  000000018001cae0 f   ucrt:api-ms-win-crt-runtime-l1-1-0.dll
 0001:0001bae8       __acrt_initialize          000000018001cae8 f   MSVCRT:ucrt_stubs.obj
 0001:0001bae8       __scrt_stub_for_acrt_initialize 000000018001cae8 f   MSVCRT:ucrt_stubs.obj
 0001:0001bae8       __vcrt_initialize          000000018001cae8 f   MSVCRT:ucrt_stubs.obj
 0001:0001baec       __acrt_thread_attach       000000018001caec f   MSVCRT:ucrt_stubs.obj
 0001:0001baec       __scrt_stub_for_acrt_thread_attach 000000018001caec f   MSVCRT:ucrt_stubs.obj
 0001:0001baec       __vcrt_thread_attach       000000018001caec f   MSVCRT:ucrt_stubs.obj
 0001:0001baf0       __acrt_thread_detach       000000018001caf0 f   MSVCRT:ucrt_stubs.obj
 0001:0001baf0       __scrt_stub_for_acrt_thread_detach 000000018001caf0 f   MSVCRT:ucrt_stubs.obj
 0001:0001baf0       __vcrt_thread_detach       000000018001caf0 f   MSVCRT:ucrt_stubs.obj
 0001:0001baf4       __acrt_uninitialize        000000018001caf4 f   MSVCRT:ucrt_stubs.obj
 0001:0001baf4       __scrt_stub_for_acrt_uninitialize 000000018001caf4 f   MSVCRT:ucrt_stubs.obj
 0001:0001baf4       __vcrt_uninitialize        000000018001caf4 f   MSVCRT:ucrt_stubs.obj
 0001:0001baf8       __acrt_uninitialize_critical 000000018001caf8 f   MSVCRT:ucrt_stubs.obj
 0001:0001baf8       __scrt_stub_for_acrt_uninitialize_critical 000000018001caf8 f   MSVCRT:ucrt_stubs.obj
 0001:0001baf8       __vcrt_uninitialize_critical 000000018001caf8 f   MSVCRT:ucrt_stubs.obj
 0001:0001bafc       __scrt_stub_for_is_c_termination_complete 000000018001cafc f   MSVCRT:ucrt_stubs.obj
 0001:0001bafc       _is_c_termination_complete 000000018001cafc f   MSVCRT:ucrt_stubs.obj
 0001:0001bb10       _guard_dispatch_icall_nop  000000018001cb10 f   MSVCRT:guard_dispatch.obj
 0001:0001bb30       _guard_xfg_dispatch_icall_nop 000000018001cb30 f   MSVCRT:guard_xfg_dispatch.obj
 0002:00000000       __imp_TerminateProcess     000000018001d000     kernel32:KERNEL32.dll
 0002:00000008       __imp_RtlCaptureContext    000000018001d008     kernel32:KERNEL32.dll
 0002:00000010       __imp_QueryPerformanceCounter 000000018001d010     kernel32:KERNEL32.dll
 0002:00000018       __imp_RtlLookupFunctionEntry 000000018001d018     kernel32:KERNEL32.dll
 0002:00000020       __imp_RtlVirtualUnwind     000000018001d020     kernel32:KERNEL32.dll
 0002:00000028       __imp_GetCurrentProcessId  000000018001d028     kernel32:KERNEL32.dll
 0002:00000030       __imp_GetCurrentThreadId   000000018001d030     kernel32:KERNEL32.dll
 0002:00000038       __imp_GetSystemTimeAsFileTime 000000018001d038     kernel32:KERNEL32.dll
 0002:00000040       __imp_DisableThreadLibraryCalls 000000018001d040     kernel32:KERNEL32.dll
 0002:00000048       __imp_InitializeSListHead  000000018001d048     kernel32:KERNEL32.dll
 0002:00000050       __imp_IsDebuggerPresent    000000018001d050     kernel32:KERNEL32.dll
 0002:00000058       __imp_GetStartupInfoW      000000018001d058     kernel32:KERNEL32.dll
 0002:00000060       __imp_GetModuleHandleW     000000018001d060     kernel32:KERNEL32.dll
 0002:00000068       __imp_GetCurrentProcess    000000018001d068     kernel32:KERNEL32.dll
 0002:00000070       __imp_SetUnhandledExceptionFilter 000000018001d070     kernel32:KERNEL32.dll
 0002:00000078       __imp_UnhandledExceptionFilter 000000018001d078     kernel32:KERNEL32.dll
 0002:00000080       __imp_IsProcessorFeaturePresent 000000018001d080     kernel32:KERNEL32.dll
 0002:00000088       \177KERNEL32_NULL_THUNK_DATA 000000018001d088     kernel32:KERNEL32.dll
 0002:00000090       __imp_memset               000000018001d090     vcruntime:VCRUNTIME140.dll
 0002:00000098       __imp_memcpy               000000018001d098     vcruntime:VCRUNTIME140.dll
 0002:000000a0       __imp___C_specific_handler 000000018001d0a0     vcruntime:VCRUNTIME140.dll
 0002:000000a8       __imp___std_type_info_destroy_list 000000018001d0a8     vcruntime:VCRUNTIME140.dll
 0002:000000b0       __imp___current_exception  000000018001d0b0     vcruntime:VCRUNTIME140.dll
 0002:000000b8       __imp___current_exception_context 000000018001d0b8     vcruntime:VCRUNTIME140.dll
 0002:000000c0       \177VCRUNTIME140_NULL_THUNK_DATA 000000018001d0c0     vcruntime:VCRUNTIME140.dll
 0002:000000c8       __imp_malloc               000000018001d0c8     ucrt:api-ms-win-crt-heap-l1-1-0.dll
 0002:000000d0       __imp_free                 000000018001d0d0     ucrt:api-ms-win-crt-heap-l1-1-0.dll
 0002:000000d8       \177api-ms-win-crt-heap-l1-1-0_NULL_THUNK_DATA 000000018001d0d8     ucrt:api-ms-win-crt-heap-l1-1-0.dll
 0002:000000e0       __imp__seh_filter_dll      000000018001d0e0     ucrt:api-ms-win-crt-runtime-l1-1-0.dll
 0002:000000e8       __imp__configure_narrow_argv 000000018001d0e8     ucrt:api-ms-win-crt-runtime-l1-1-0.dll
 0002:000000f0       __imp__initterm_e          000000018001d0f0     ucrt:api-ms-win-crt-runtime-l1-1-0.dll
 0002:000000f8       __imp__initialize_narrow_environment 000000018001d0f8     ucrt:api-ms-win-crt-runtime-l1-1-0.dll
 0002:00000100       __imp__initialize_onexit_table 000000018001d100     ucrt:api-ms-win-crt-runtime-l1-1-0.dll
 0002:00000108       __imp__register_onexit_function 000000018001d108     ucrt:api-ms-win-crt-runtime-l1-1-0.dll
 0002:00000110       __imp__execute_onexit_table 000000018001d110     ucrt:api-ms-win-crt-runtime-l1-1-0.dll
 0002:00000118       __imp__crt_atexit          000000018001d118     ucrt:api-ms-win-crt-runtime-l1-1-0.dll
 0002:00000120       __imp__crt_at_quick_exit   000000018001d120     ucrt:api-ms-win-crt-runtime-l1-1-0.dll
 0002:00000128       __imp__cexit               000000018001d128     ucrt:api-ms-win-crt-runtime-l1-1-0.dll
 0002:00000130       __imp_terminate            000000018001d130     ucrt:api-ms-win-crt-runtime-l1-1-0.dll
 0002:00000138       __imp__initterm            000000018001d138     ucrt:api-ms-win-crt-runtime-l1-1-0.dll
 0002:00000140       \177api-ms-win-crt-runtime-l1-1-0_NULL_THUNK_DATA 000000018001d140     ucrt:api-ms-win-crt-runtime-l1-1-0.dll
 0002:00000148       __imp___stdio_common_vsprintf 000000018001d148     ucrt:api-ms-win-crt-stdio-l1-1-0.dll
 0002:00000150       \177api-ms-win-crt-stdio-l1-1-0_NULL_THUNK_DATA 000000018001d150     ucrt:api-ms-win-crt-stdio-l1-1-0.dll
 0002:00000158       __imp_strlen               000000018001d158     ucrt:api-ms-win-crt-string-l1-1-0.dll
 0002:00000160       __imp_strcat               000000018001d160     ucrt:api-ms-win-crt-string-l1-1-0.dll
 0002:00000168       __imp_strcmp               000000018001d168     ucrt:api-ms-win-crt-string-l1-1-0.dll
 0002:00000170       \177api-ms-win-crt-string-l1-1-0_NULL_THUNK_DATA 000000018001d170     ucrt:api-ms-win-crt-string-l1-1-0.dll
 0002:00000178       __imp_covrtCreateStateflowInstanceData 000000018001d178     libcovrt:libcovrt.dll
 0002:00000180       __imp_covrtDeleteStateflowInstanceData 000000018001d180     libcovrt:libcovrt.dll
 0002:00000188       __imp_covrtSigUpdateFcn    000000018001d188     libcovrt:libcovrt.dll
 0002:00000190       __imp_covrtEmlMcdcEval     000000018001d190     libcovrt:libcovrt.dll
 0002:00000198       __imp_covrtEmlCondEval     000000018001d198     libcovrt:libcovrt.dll
 0002:000001a0       __imp_covrtEmlForEval      000000018001d1a0     libcovrt:libcovrt.dll
 0002:000001a8       __imp_covrtEmlIfEval       000000018001d1a8     libcovrt:libcovrt.dll
 0002:000001b0       __imp_covrtEmlFcnEval      000000018001d1b0     libcovrt:libcovrt.dll
 0002:000001b8       __imp_covrtEmlRelationalInitFcn 000000018001d1b8     libcovrt:libcovrt.dll
 0002:000001c0       __imp_covrtEmlMCDCInitFcn  000000018001d1c0     libcovrt:libcovrt.dll
 0002:000001c8       __imp_covrtEmlForInitFcn   000000018001d1c8     libcovrt:libcovrt.dll
 0002:000001d0       __imp_covrtEmlIfInitFcn    000000018001d1d0     libcovrt:libcovrt.dll
 0002:000001d8       __imp_covrtEmlFcnInitFcn   000000018001d1d8     libcovrt:libcovrt.dll
 0002:000001e0       __imp_covrtEmlInitFcn      000000018001d1e0     libcovrt:libcovrt.dll
 0002:000001e8       __imp_covrtIsSigCovEnabledFcn 000000018001d1e8     libcovrt:libcovrt.dll
 0002:000001f0       __imp_covrtSigUpdateFcnAssumingCovEnabled 000000018001d1f0     libcovrt:libcovrt.dll
 0002:000001f8       __imp_covrtTransInitFcn    000000018001d1f8     libcovrt:libcovrt.dll
 0002:00000200       __imp_covrtStateInitFcn    000000018001d200     libcovrt:libcovrt.dll
 0002:00000208       __imp_covrtChartInitFcn    000000018001d208     libcovrt:libcovrt.dll
 0002:00000210       __imp_covrtRelationalopUpdateFcn 000000018001d210     libcovrt:libcovrt.dll
 0002:00000218       \177libcovrt_NULL_THUNK_DATA 000000018001d218     libcovrt:libcovrt.dll
 0002:00000220       __imp_emlrtIntegerCheckR2012b 000000018001d220     libemlrt:libemlrt.dll
 0002:00000228       __imp_emlrtDynamicBoundsCheckR2012b 000000018001d228     libemlrt:libemlrt.dll
 0002:00000230       __imp_emlrtLicenseCheckR2022a 000000018001d230     libemlrt:libemlrt.dll
 0002:00000238       __imp_emlrtForLoopVectorCheckR2021a 000000018001d238     libemlrt:libemlrt.dll
 0002:00000240       \177libemlrt_NULL_THUNK_DATA 000000018001d240     libemlrt:libemlrt.dll
 0002:00000248       __imp_mexMakeArrayPersistent_800 000000018001d248     libmex:libmex.dll
 0002:00000250       __imp_mexCallMATLAB_800    000000018001d250     libmex:libmex.dll
 0002:00000258       __imp_mexUnlock_800        000000018001d258     libmex:libmex.dll
 0002:00000260       __imp_mexLock_800          000000018001d260     libmex:libmex.dll
 0002:00000268       __imp_mexErrMsgTxt_800     000000018001d268     libmex:libmex.dll
 0002:00000270       __imp_mexWarnMsgTxt_800    000000018001d270     libmex:libmex.dll
 0002:00000278       __imp_mexIsLocked_800      000000018001d278     libmex:libmex.dll
 0002:00000280       \177libmex_NULL_THUNK_DATA 000000018001d280     libmex:libmex.dll
 0002:00000288       __imp_bwlookup_tbb_real64  000000018001d288     libmwbwlookup_tbb:libmwbwlookup_tbb.dll
 0002:00000290       __imp_bwlookup_tbb_boolean 000000018001d290     libmwbwlookup_tbb:libmwbwlookup_tbb.dll
 0002:00000298       \177libmwbwlookup_tbb_NULL_THUNK_DATA 000000018001d298     libmwbwlookup_tbb:libmwbwlookup_tbb.dll
 0002:000002a0       __imp_muSingleScalarAbs    000000018001d2a0     libmwmathutil:libmwmathutil.dll
 0002:000002a8       __imp_muDoubleScalarFloor  000000018001d2a8     libmwmathutil:libmwmathutil.dll
 0002:000002b0       __imp_muSingleScalarSqrt   000000018001d2b0     libmwmathutil:libmwmathutil.dll
 0002:000002b8       __imp_muSingleScalarRound  000000018001d2b8     libmwmathutil:libmwmathutil.dll
 0002:000002c0       \177libmwmathutil_NULL_THUNK_DATA 000000018001d2c0     libmwmathutil:libmwmathutil.dll
 0002:000002c8       __imp_mxIsEmpty_800        000000018001d2c8     libmx:libmx.dll
 0002:000002d0       __imp_mxGetScalar_800      000000018001d2d0     libmx:libmx.dll
 0002:000002d8       __imp_mxCreateDoubleScalar_800 000000018001d2d8     libmx:libmx.dll
 0002:000002e0       __imp_mxGetN_800           000000018001d2e0     libmx:libmx.dll
 0002:000002e8       __imp_mxIsComplex_800      000000018001d2e8     libmx:libmx.dll
 0002:000002f0       __imp_mxIsNumeric_800      000000018001d2f0     libmx:libmx.dll
 0002:000002f8       __imp_mxGetClassID_800     000000018001d2f8     libmx:libmx.dll
 0002:00000300       __imp_mxGetM_800           000000018001d300     libmx:libmx.dll
 0002:00000308       __imp_mxCalloc_800         000000018001d308     libmx:libmx.dll
 0002:00000310       __imp_mxCreateStructMatrix_800 000000018001d310     libmx:libmx.dll
 0002:00000318       __imp_mxCreateCellMatrix_800 000000018001d318     libmx:libmx.dll
 0002:00000320       __imp_mxCreateString_800   000000018001d320     libmx:libmx.dll
 0002:00000328       __imp_mxSetField_800       000000018001d328     libmx:libmx.dll
 0002:00000330       __imp_mxSetCell_800        000000018001d330     libmx:libmx.dll
 0002:00000338       __imp_mxGetPr_800          000000018001d338     libmx:libmx.dll
 0002:00000340       __imp_mxDuplicateArray_800 000000018001d340     libmx:libmx.dll
 0002:00000348       __imp_mxGetString_800      000000018001d348     libmx:libmx.dll
 0002:00000350       __imp_mxCreateDoubleMatrix_800 000000018001d350     libmx:libmx.dll
 0002:00000358       __imp_mxDestroyArray_800   000000018001d358     libmx:libmx.dll
 0002:00000360       __imp_mxIsChar_800         000000018001d360     libmx:libmx.dll
 0002:00000368       \177libmx_NULL_THUNK_DATA  000000018001d368     libmx:libmx.dll
 0002:00000370       __imp_utMalloc             000000018001d370     libut:libut.dll
 0002:00000378       __imp_utFree               000000018001d378     libut:libut.dll
 0002:00000380       \177libut_NULL_THUNK_DATA  000000018001d380     libut:libut.dll
 0002:00000388       __imp_getRuntimeInstanceInfoAsVoid 000000018001d388     sf_runtime:sf_runtime.dll
 0002:00000390       __imp_call_sf_machine_global_method_dispatcher 000000018001d390     sf_runtime:sf_runtime.dll
 0002:00000398       __imp_callMdlMethodAndReportError 000000018001d398     sf_runtime:sf_runtime.dll
 0002:000003a0       __imp_sf_mex_error_direct_call 000000018001d3a0     sf_runtime:sf_runtime.dll
 0002:000003a8       __imp_sf_clear_error_manager_info 000000018001d3a8     sf_runtime:sf_runtime.dll
 0002:000003b0       __imp_sf_get_ChartInfoStruct_CodeGen 000000018001d3b0     sf_runtime:sf_runtime.dll
 0002:000003b8       __imp_ssGetOutputPortSignal_wrapper 000000018001d3b8     sf_runtime:sf_runtime.dll
 0002:000003c0       __imp_ssGetInputPortSignal_wrapper 000000018001d3c0     sf_runtime:sf_runtime.dll
 0002:000003c8       __imp_sf_mex_import        000000018001d3c8     sf_runtime:sf_runtime.dll
 0002:000003d0       __imp_sf_mex_destroy       000000018001d3d0     sf_runtime:sf_runtime.dll
 0002:000003d8       __imp_sf_mex_dup           000000018001d3d8     sf_runtime:sf_runtime.dll
 0002:000003e0       __imp_sf_mex_assign        000000018001d3e0     sf_runtime:sf_runtime.dll
 0002:000003e8       __imp_sf_mex_getcell       000000018001d3e8     sf_runtime:sf_runtime.dll
 0002:000003f0       __imp_sf_mex_setcell       000000018001d3f0     sf_runtime:sf_runtime.dll
 0002:000003f8       __imp_sf_mex_createcellmatrix 000000018001d3f8     sf_runtime:sf_runtime.dll
 0002:00000400       __imp_sf_mex_create        000000018001d400     sf_runtime:sf_runtime.dll
 0002:00000408       __imp_sf_mex_error_message 000000018001d408     sf_runtime:sf_runtime.dll
 0002:00000410       __imp_sf_mex_call          000000018001d410     sf_runtime:sf_runtime.dll
 0002:00000418       __imp_mdlProcessParamsCommon 000000018001d418     sf_runtime:sf_runtime.dll
 0002:00000420       __imp_supportsLegacyBehaviorForPersistentVarInContinuousTime 000000018001d420     sf_runtime:sf_runtime.dll
 0002:00000428       __imp_sfHasContStates      000000018001d428     sf_runtime:sf_runtime.dll
 0002:00000430       __imp_sf_error_out_about_continuous_sample_time_with_persistent_vars 000000018001d430     sf_runtime:sf_runtime.dll
 0002:00000438       __imp_sf_set_work_widths   000000018001d438     sf_runtime:sf_runtime.dll
 0002:00000440       __imp_sf_get_time          000000018001d440     sf_runtime:sf_runtime.dll
 0002:00000448       __imp_sf_clear_rtw_identifier 000000018001d448     sf_runtime:sf_runtime.dll
 0002:00000450       __imp_sf_mex_listen_for_ctrl_c 000000018001d450     sf_runtime:sf_runtime.dll
 0002:00000458       __imp_sim_mode_is_external 000000018001d458     sf_runtime:sf_runtime.dll
 0002:00000460       __imp_sim_mode_is_rtw_gen  000000018001d460     sf_runtime:sf_runtime.dll
 0002:00000468       __imp_sfSetAnimationVectors 000000018001d468     sf_runtime:sf_runtime.dll
 0002:00000470       __imp_sf_get_chart_instance_ptr 000000018001d470     sf_runtime:sf_runtime.dll
 0002:00000478       __imp_sfrtGetCovrtInstance 000000018001d478     sf_runtime:sf_runtime.dll
 0002:00000480       __imp_sfrtGetEmlrtCtx      000000018001d480     sf_runtime:sf_runtime.dll
 0002:00000488       __imp_sf_reset_warnings_ChartRunTimeInfo 000000018001d488     sf_runtime:sf_runtime.dll
 0002:00000490       __imp_sf_free_ChartRunTimeInfo 000000018001d490     sf_runtime:sf_runtime.dll
 0002:00000498       __imp_sf_init_ChartRunTimeInfo 000000018001d498     sf_runtime:sf_runtime.dll
 0002:000004a0       __imp_sf_mex_decode        000000018001d4a0     sf_runtime:sf_runtime.dll
 0002:000004a8       __imp_sf_load_rtw_optimization_info 000000018001d4a8     sf_runtime:sf_runtime.dll
 0002:000004b0       __imp_sf_get_hasSeparateUpdateOutputs 000000018001d4b0     sf_runtime:sf_runtime.dll
 0002:000004b8       \177sf_runtime_NULL_THUNK_DATA 000000018001d4b8     sf_runtime:sf_runtime.dll
 0002:000004c0       __guard_check_icall_fptr   000000018001d4c0     MSVCRT:guard_support.obj
 0002:000004c8       __guard_xfg_check_icall_fptr 000000018001d4c8     MSVCRT:guard_support.obj
 0002:000004d0       __guard_dispatch_icall_fptr 000000018001d4d0     MSVCRT:guard_support.obj
 0002:000004d8       __guard_xfg_dispatch_icall_fptr 000000018001d4d8     MSVCRT:guard_support.obj
 0002:000004e0       __guard_xfg_table_dispatch_icall_fptr 000000018001d4e0     MSVCRT:guard_support.obj
 0002:000004e8       __castguard_check_failure_os_handled_fptr 000000018001d4e8     MSVCRT:guard_support.obj
 0002:000004f0       __guard_memcpy_fptr        000000018001d4f0     vcruntime:softmemtag.obj
 0002:000004f8       __xc_a                     000000018001d4f8     MSVCRT:initializers.obj
 0002:00000500       __xc_z                     000000018001d500     MSVCRT:initializers.obj
 0002:00000508       __xi_a                     000000018001d508     MSVCRT:initializers.obj
 0002:00000510       __xi_z                     000000018001d510     MSVCRT:initializers.obj
 0002:00000518       __xp_a                     000000018001d518     MSVCRT:initializers.obj
 0002:00000520       __xp_z                     000000018001d520     MSVCRT:initializers.obj
 0002:00000528       __xt_a                     000000018001d528     MSVCRT:initializers.obj
 0002:00000530       __xt_z                     000000018001d530     MSVCRT:initializers.obj
 0002:00000540       __real@4174ffbd70000000    000000018001d540     flightControlSystem_sfun.obj
 0002:00000548       __real@418f503920000000    000000018001d548     flightControlSystem_sfun.obj
 0002:00000550       __real@41b92f8712000000    000000018001d550     flightControlSystem_sfun.obj
 0002:00000558       __real@41bad2f744000000    000000018001d558     flightControlSystem_sfun.obj
 0002:00000560       __real@41cb1a5378800000    000000018001d560     flightControlSystem_sfun.obj
 0002:00000568       __real@41dd4ff610400000    000000018001d568     flightControlSystem_sfun.obj
 0002:00000570       __real@41e3f2a9e2200000    000000018001d570     flightControlSystem_sfun.obj
 0002:00000578       __real@41e3fa3198000000    000000018001d578     flightControlSystem_sfun.obj
 0002:00000580       __real@41e4f97bc3200000    000000018001d580     flightControlSystem_sfun.obj
 0002:00000588       __real@41e5ea5a70200000    000000018001d588     flightControlSystem_sfun.obj
 0002:00000590       __real@41eb30c5b0800000    000000018001d590     flightControlSystem_sfun.obj
 0002:00000598       __real@41ed0b63b6c00000    000000018001d598     flightControlSystem_sfun.obj
 0002:00000660       __real@0000000000000000    000000018001d660     c1_flightControlSystem.obj
 0002:00000668       __real@3a83126f            000000018001d668     c1_flightControlSystem.obj
 0002:0000066c       __real@3e99999a            000000018001d66c     c1_flightControlSystem.obj
 0002:00000670       __real@3f000000            000000018001d670     c1_flightControlSystem.obj
 0002:00000674       __real@3f333333            000000018001d674     c1_flightControlSystem.obj
 0002:00000678       __real@3f800000            000000018001d678     c1_flightControlSystem.obj
 0002:00000680       __real@3ff0000000000000    000000018001d680     c1_flightControlSystem.obj
 0002:00000688       __real@4000000000000000    000000018001d688     c1_flightControlSystem.obj
 0002:00000690       __real@4008000000000000    000000018001d690     c1_flightControlSystem.obj
 0002:00000698       __real@4024000000000000    000000018001d698     c1_flightControlSystem.obj
 0002:000006a0       __real@4044000000000000    000000018001d6a0     c1_flightControlSystem.obj
 0002:000006a8       __real@405e000000000000    000000018001d6a8     c1_flightControlSystem.obj
 0002:000006b0       __real@4064000000000000    000000018001d6b0     c1_flightControlSystem.obj
 0002:000006b8       __real@4079000000000000    000000018001d6b8     c1_flightControlSystem.obj
 0002:000006c0       __real@4080000000000000    000000018001d6c0     c1_flightControlSystem.obj
 0002:000006c8       __real@41200000            000000018001d6c8     c1_flightControlSystem.obj
 0002:000006d0       __real@417fd5b4e0000000    000000018001d6d0     c1_flightControlSystem.obj
 0002:000006d8       __real@41e58d5af9e00000    000000018001d6d8     c1_flightControlSystem.obj
 0002:000006e0       __real@41e988eacba00000    000000018001d6e0     c1_flightControlSystem.obj
 0002:000006e8       __real@41ef340163c00000    000000018001d6e8     c1_flightControlSystem.obj
 0002:000006f0       __real@42f00000            000000018001d6f0     c1_flightControlSystem.obj
 0002:000006f4       __real@43200000            000000018001d6f4     c1_flightControlSystem.obj
 0002:000006f8       __real@43c80000            000000018001d6f8     c1_flightControlSystem.obj
 0002:000006fc       __real@44610000            000000018001d6fc     c1_flightControlSystem.obj
 0002:00000700       __real@bf800000            000000018001d700     c1_flightControlSystem.obj
 0002:00000708       __real@bff0000000000000    000000018001d708     c1_flightControlSystem.obj
 0002:00000718       __real@4014000000000000    000000018001d718     c6_flightControlSystem.obj
 0002:00000720       __real@401c000000000000    000000018001d720     c6_flightControlSystem.obj
 0002:00000728       __real@40a00000            000000018001d728     c6_flightControlSystem.obj
 0002:00000730       __real@41cb056d12000000    000000018001d730     c6_flightControlSystem.obj
 0002:00000738       __real@41e7ac6735400000    000000018001d738     c6_flightControlSystem.obj
 0002:00000740       __real@41eb431fc8200000    000000018001d740     c6_flightControlSystem.obj
 0002:00000748       __real@41ef1911f0400000    000000018001d748     c6_flightControlSystem.obj
 0002:00000750       __real@42700000            000000018001d750     c6_flightControlSystem.obj
 0002:00000754       __real@42a00000            000000018001d754     c6_flightControlSystem.obj
 0002:00000758       __real@42c80000            000000018001d758     c6_flightControlSystem.obj
 0002:0000075c       __real@49742400            000000018001d75c     c6_flightControlSystem.obj
 0002:00000760       DYNAMIC_DIMENSION_DEF      000000018001d760     flightControlSystem_sfun_registry.obj
 0002:00000778       __real@4010000000000000    000000018001d778     flightControlSystem_sfun_registry.obj
 0002:00000780       __real@41602cbca0000000    000000018001d780     flightControlSystem_sfun_registry.obj
 0002:00000798       _pDefaultRawDllMain        000000018001d798     MSVCRT:dll_dllmain.obj
 0002:00000798       _pRawDllMain               000000018001d798     MSVCRT:dll_dllmain.obj
 0002:000007a0       __xmm@ffffffffffffffffffffffffffffffff 000000018001d7a0     MSVCRT:utility.obj
 0002:000007b0       _load_config_used          000000018001d7b0     MSVCRT:loadcfg.obj
 0002:00000980       __CastGuardVftablesStart   000000018001d980     MSVCRT:guard_support.obj
 0002:00000a00       __CastGuardVftablesEnd     000000018001da00     MSVCRT:guard_support.obj
 0002:00000a80       __volatile_metadata        000000018001da80     <linker-defined>
 0002:00000ee0       __rtc_iaa                  000000018001dee0     MSVCRT:initsect.obj
 0002:00000ee8       __rtc_izz                  000000018001dee8     MSVCRT:initsect.obj
 0002:00000ef0       __rtc_taa                  000000018001def0     MSVCRT:initsect.obj
 0002:00000ef8       __rtc_tzz                  000000018001def8     MSVCRT:initsect.obj
 0002:00001b74       __IMPORT_DESCRIPTOR_libmwbwlookup_tbb 000000018001eb74     libmwbwlookup_tbb:libmwbwlookup_tbb.dll
 0002:00001b88       __IMPORT_DESCRIPTOR_sf_runtime 000000018001eb88     sf_runtime:sf_runtime.dll
 0002:00001b9c       __IMPORT_DESCRIPTOR_libmx  000000018001eb9c     libmx:libmx.dll
 0002:00001bb0       __IMPORT_DESCRIPTOR_libmex 000000018001ebb0     libmex:libmex.dll
 0002:00001bc4       __IMPORT_DESCRIPTOR_libut  000000018001ebc4     libut:libut.dll
 0002:00001bd8       __IMPORT_DESCRIPTOR_libmwmathutil 000000018001ebd8     libmwmathutil:libmwmathutil.dll
 0002:00001bec       __IMPORT_DESCRIPTOR_libemlrt 000000018001ebec     libemlrt:libemlrt.dll
 0002:00001c00       __IMPORT_DESCRIPTOR_libcovrt 000000018001ec00     libcovrt:libcovrt.dll
 0002:00001c14       __IMPORT_DESCRIPTOR_KERNEL32 000000018001ec14     kernel32:KERNEL32.dll
 0002:00001c28       __IMPORT_DESCRIPTOR_VCRUNTIME140 000000018001ec28     vcruntime:VCRUNTIME140.dll
 0002:00001c3c       __IMPORT_DESCRIPTOR_api-ms-win-crt-string-l1-1-0 000000018001ec3c     ucrt:api-ms-win-crt-string-l1-1-0.dll
 0002:00001c50       __IMPORT_DESCRIPTOR_api-ms-win-crt-stdio-l1-1-0 000000018001ec50     ucrt:api-ms-win-crt-stdio-l1-1-0.dll
 0002:00001c64       __IMPORT_DESCRIPTOR_api-ms-win-crt-heap-l1-1-0 000000018001ec64     ucrt:api-ms-win-crt-heap-l1-1-0.dll
 0002:00001c78       __IMPORT_DESCRIPTOR_api-ms-win-crt-runtime-l1-1-0 000000018001ec78     ucrt:api-ms-win-crt-runtime-l1-1-0.dll
 0002:00001c8c       __NULL_IMPORT_DESCRIPTOR   000000018001ec8c     libmwbwlookup_tbb:libmwbwlookup_tbb.dll
 0003:000088d0       DYNAMIC_DIMENSION          00000001800288d0     flightControlSystem_sfun_registry.obj
 0003:0000af80       __security_cookie          000000018002af80     MSVCRT:gs_cookie.obj
 0003:0000afc0       __security_cookie_complement 000000018002afc0     MSVCRT:gs_cookie.obj
 0003:0000afc8       _fltused                   000000018002afc8     MSVCRT:fltused.obj
 0003:0000afd0       __scrt_native_dllmain_reason 000000018002afd0     MSVCRT:utility.obj
 0003:0000afd8       __isa_inverted             000000018002afd8     MSVCRT:cpu_disp.obj
 0003:0000afe0       __isa_available            000000018002afe0     MSVCRT:cpu_disp.obj
 0003:0000afe4       __isa_enabled              000000018002afe4     MSVCRT:cpu_disp.obj
 0003:0000afe8       __memset_fast_string_threshold 000000018002afe8     MSVCRT:cpu_disp.obj
 0003:0000aff0       __memset_nt_threshold      000000018002aff0     MSVCRT:cpu_disp.obj
 0003:0000b000       __scrt_ucrt_dll_is_in_use  000000018002b000     MSVCRT:ucrt_stubs.obj
 0003:0000c230       ?__type_info_root_node@@3U__type_info_node@@A 000000018002c230     MSVCRT:tncleanup.obj
 0003:0000c240       ?_OptionsStorage@?1??__local_stdio_printf_options@@9@4_KA 000000018002c240     MSVCRT:default_local_stdio_options.obj
 0003:0000c248       ?_OptionsStorage@?1??__local_stdio_scanf_options@@9@4_KA 000000018002c248     MSVCRT:default_local_stdio_options.obj
 0003:0000c250       __scrt_current_native_startup_state 000000018002c250     MSVCRT:utility.obj
 0003:0000c258       __scrt_native_startup_lock 000000018002c258     MSVCRT:utility.obj
 0003:0000c298       __scrt_debugger_hook_flag  000000018002c298     MSVCRT:utility_desktop.obj
 0003:0000c2a0       __castguard_check_failure_user_handled_fptr 000000018002c2a0     MSVCRT:guard_support.obj
 0003:0000c2a8       __avx10_version            000000018002c2a8     MSVCRT:cpu_disp.obj
 0003:0000c2ac       __favor                    000000018002c2ac     MSVCRT:cpu_disp.obj
 0003:0000c2b0       ?_OptionsStorage@?1??__local_stdio_printf_options@@9@9 000000018002c2b0     <common>
 0003:0000c2b8       __dyn_tls_init_callback    000000018002c2b8     <common>

 entry point at        0001:0001abf8

 Static symbols

 0000:00000000       _volmd                     0000000180000000     c1_flightControlSystem.obj
 0000:00000000       _volmd                     0000000180000000     c6_flightControlSystem.obj
 0000:00000000       .debug$S                   0000000180000000     flightControlSystem_sfun.exp
 0000:00000000       _volmd                     0000000180000000     flightControlSystem_sfun.obj
 0000:00000000       _volmd                     0000000180000000     flightControlSystem_sfun_registry.obj
 0000:00000000       _volmd                     0000000180000000     MSVCRT:cpu_disp.obj
 0002:fffe3000       __guard_ehcont_?dllmain_dispatch@@YAHQEAUHINSTANCE__@@KQEAX@Z 0000000180000000     MSVCRT:dll_dllmain.obj
 0002:fffe3000       __guard_fids_?dllmain_dispatch@@YAHQEAUHINSTANCE__@@KQEAX@Z 0000000180000000     MSVCRT:dll_dllmain.obj
 0000:00000000       _volmd                     0000000180000000     MSVCRT:gs_report.obj
 0000:00000000       _volmd                     0000000180000000     MSVCRT:gs_report.obj
 0000:00000000       _volmd                     0000000180000000     MSVCRT:gs_report.obj
 0002:fffe3000       __guard_fids__             0000000180000000     MSVCRT:guard_support.obj
 0002:fffe3000       __guard_fids__             0000000180000000     MSVCRT:guard_support.obj
 0002:fffe3000       __guard_fids__guard_icall_checks_enforced 0000000180000000     MSVCRT:guard_support.obj
 0000:00000000       _volmd                     0000000180000000     MSVCRT:guard_support.obj
 0000:00000000       _volmd                     0000000180000000     MSVCRT:guard_support.obj
 0000:00000000       _volmd                     0000000180000000     MSVCRT:guard_support.obj
 0000:00000000       _volmd                     0000000180000000     MSVCRT:guard_support.obj
 0000:00000000       _volmd                     0000000180000000     MSVCRT:guard_support.obj
 0000:00000000       _volmd                     0000000180000000     MSVCRT:guard_support.obj
 0000:00000000       _volmd                     0000000180000000     MSVCRT:guard_support.obj
 0000:00000000       _volmd                     0000000180000000     MSVCRT:guard_support.obj
 0000:00000000       _volmd                     0000000180000000     MSVCRT:guard_support.obj
 0000:00000000       _volmd                     0000000180000000     MSVCRT:guard_support.obj
 0002:fffe3000       __guard_ehcont___scrt_is_nonwritable_in_current_image 0000000180000000     MSVCRT:utility.obj
 0000:00000000       _volmd                     0000000180000000     MSVCRT:utility.obj
 0000:00000000       _volmd                     0000000180000000     MSVCRT:utility.obj
 0000:00000000       _volmd                     0000000180000000     MSVCRT:utility.obj
 0002:fffe3000       __guard_fids___scrt_set_unhandled_exception_filter 0000000180000000     MSVCRT:utility_desktop.obj
 0000:00000000       _volmd                     0000000180000000     MSVCRT:utility_desktop.obj
 0002:fffe3000       __guard_fids__             0000000180000000     vcruntime:softmemtag.obj
 0000:00000000       .debug$S                   0000000180000000     vcruntime:VCRUNTIME140.dll
 0000:00000000       .debug$S                   0000000180000000     vcruntime:VCRUNTIME140.dll
 0000:00000000       .debug$S                   0000000180000000     vcruntime:VCRUNTIME140.dll
 0000:00000000       .debug$S                   0000000180000000     vcruntime:VCRUNTIME140.dll
 0000:00000000       .debug$S                   0000000180000000     vcruntime:VCRUNTIME140.dll
 0000:00000000       .debug$S                   0000000180000000     vcruntime:VCRUNTIME140.dll
 0000:00000000       .debug$S                   0000000180000000     ucrt:api-ms-win-crt-heap-l1-1-0.dll
 0000:00000000       .debug$S                   0000000180000000     ucrt:api-ms-win-crt-heap-l1-1-0.dll
 0000:00000000       .debug$S                   0000000180000000     ucrt:api-ms-win-crt-runtime-l1-1-0.dll
 0000:00000000       .debug$S                   0000000180000000     ucrt:api-ms-win-crt-runtime-l1-1-0.dll
 0000:00000000       .debug$S                   0000000180000000     ucrt:api-ms-win-crt-runtime-l1-1-0.dll
 0000:00000000       .debug$S                   0000000180000000     ucrt:api-ms-win-crt-runtime-l1-1-0.dll
 0000:00000000       .debug$S                   0000000180000000     ucrt:api-ms-win-crt-runtime-l1-1-0.dll
 0000:00000000       .debug$S                   0000000180000000     ucrt:api-ms-win-crt-runtime-l1-1-0.dll
 0000:00000000       .debug$S                   0000000180000000     ucrt:api-ms-win-crt-runtime-l1-1-0.dll
 0000:00000000       .debug$S                   0000000180000000     ucrt:api-ms-win-crt-runtime-l1-1-0.dll
 0000:00000000       .debug$S                   0000000180000000     ucrt:api-ms-win-crt-runtime-l1-1-0.dll
 0000:00000000       .debug$S                   0000000180000000     ucrt:api-ms-win-crt-runtime-l1-1-0.dll
 0000:00000000       .debug$S                   0000000180000000     ucrt:api-ms-win-crt-runtime-l1-1-0.dll
 0000:00000000       .debug$S                   0000000180000000     ucrt:api-ms-win-crt-runtime-l1-1-0.dll
 0000:00000000       .debug$S                   0000000180000000     ucrt:api-ms-win-crt-stdio-l1-1-0.dll
 0000:00000000       .debug$S                   0000000180000000     ucrt:api-ms-win-crt-string-l1-1-0.dll
 0000:00000000       .debug$S                   0000000180000000     ucrt:api-ms-win-crt-string-l1-1-0.dll
 0000:00000000       .debug$S                   0000000180000000     ucrt:api-ms-win-crt-string-l1-1-0.dll
 0000:00000000       .debug$S                   0000000180000000     kernel32:KERNEL32.dll
 0000:00000000       .debug$S                   0000000180000000     kernel32:KERNEL32.dll
 0000:00000000       .debug$S                   0000000180000000     kernel32:KERNEL32.dll
 0000:00000000       .debug$S                   0000000180000000     kernel32:KERNEL32.dll
 0000:00000000       .debug$S                   0000000180000000     kernel32:KERNEL32.dll
 0000:00000000       .debug$S                   0000000180000000     kernel32:KERNEL32.dll
 0000:00000000       .debug$S                   0000000180000000     kernel32:KERNEL32.dll
 0000:00000000       .debug$S                   0000000180000000     kernel32:KERNEL32.dll
 0000:00000000       .debug$S                   0000000180000000     kernel32:KERNEL32.dll
 0000:00000000       .debug$S                   0000000180000000     kernel32:KERNEL32.dll
 0000:00000000       .debug$S                   0000000180000000     kernel32:KERNEL32.dll
 0000:00000000       .debug$S                   0000000180000000     kernel32:KERNEL32.dll
 0000:00000000       .debug$S                   0000000180000000     kernel32:KERNEL32.dll
 0000:00000000       .debug$S                   0000000180000000     kernel32:KERNEL32.dll
 0000:00000000       .debug$S                   0000000180000000     kernel32:KERNEL32.dll
 0000:00000000       .debug$S                   0000000180000000     kernel32:KERNEL32.dll
 0000:00000000       .debug$S                   0000000180000000     kernel32:KERNEL32.dll
 0000:00000000       .debug$S                   0000000180000000     libcovrt:libcovrt.dll
 0000:00000000       .debug$S                   0000000180000000     libcovrt:libcovrt.dll
 0000:00000000       .debug$S                   0000000180000000     libcovrt:libcovrt.dll
 0000:00000000       .debug$S                   0000000180000000     libcovrt:libcovrt.dll
 0000:00000000       .debug$S                   0000000180000000     libcovrt:libcovrt.dll
 0000:00000000       .debug$S                   0000000180000000     libcovrt:libcovrt.dll
 0000:00000000       .debug$S                   0000000180000000     libcovrt:libcovrt.dll
 0000:00000000       .debug$S                   0000000180000000     libcovrt:libcovrt.dll
 0000:00000000       .debug$S                   0000000180000000     libcovrt:libcovrt.dll
 0000:00000000       .debug$S                   0000000180000000     libcovrt:libcovrt.dll
 0000:00000000       .debug$S                   0000000180000000     libcovrt:libcovrt.dll
 0000:00000000       .debug$S                   0000000180000000     libcovrt:libcovrt.dll
 0000:00000000       .debug$S                   0000000180000000     libcovrt:libcovrt.dll
 0000:00000000       .debug$S                   0000000180000000     libcovrt:libcovrt.dll
 0000:00000000       .debug$S                   0000000180000000     libcovrt:libcovrt.dll
 0000:00000000       .debug$S                   0000000180000000     libcovrt:libcovrt.dll
 0000:00000000       .debug$S                   0000000180000000     libcovrt:libcovrt.dll
 0000:00000000       .debug$S                   0000000180000000     libcovrt:libcovrt.dll
 0000:00000000       .debug$S                   0000000180000000     libcovrt:libcovrt.dll
 0000:00000000       .debug$S                   0000000180000000     libcovrt:libcovrt.dll
 0000:00000000       .debug$S                   0000000180000000     libemlrt:libemlrt.dll
 0000:00000000       .debug$S                   0000000180000000     libemlrt:libemlrt.dll
 0000:00000000       .debug$S                   0000000180000000     libemlrt:libemlrt.dll
 0000:00000000       .debug$S                   0000000180000000     libemlrt:libemlrt.dll
 0000:00000000       .debug$S                   0000000180000000     libmex:libmex.dll
 0000:00000000       .debug$S                   0000000180000000     libmex:libmex.dll
 0000:00000000       .debug$S                   0000000180000000     libmex:libmex.dll
 0000:00000000       .debug$S                   0000000180000000     libmex:libmex.dll
 0000:00000000       .debug$S                   0000000180000000     libmex:libmex.dll
 0000:00000000       .debug$S                   0000000180000000     libmex:libmex.dll
 0000:00000000       .debug$S                   0000000180000000     libmex:libmex.dll
 0000:00000000       .debug$S                   0000000180000000     libmwbwlookup_tbb:libmwbwlookup_tbb.dll
 0000:00000000       .debug$S                   0000000180000000     libmwbwlookup_tbb:libmwbwlookup_tbb.dll
 0000:00000000       .debug$S                   0000000180000000     libmwmathutil:libmwmathutil.dll
 0000:00000000       .debug$S                   0000000180000000     libmwmathutil:libmwmathutil.dll
 0000:00000000       .debug$S                   0000000180000000     libmwmathutil:libmwmathutil.dll
 0000:00000000       .debug$S                   0000000180000000     libmwmathutil:libmwmathutil.dll
 0000:00000000       .debug$S                   0000000180000000     libmx:libmx.dll
 0000:00000000       .debug$S                   0000000180000000     libmx:libmx.dll
 0000:00000000       .debug$S                   0000000180000000     libmx:libmx.dll
 0000:00000000       .debug$S                   0000000180000000     libmx:libmx.dll
 0000:00000000       .debug$S                   0000000180000000     libmx:libmx.dll
 0000:00000000       .debug$S                   0000000180000000     libmx:libmx.dll
 0000:00000000       .debug$S                   0000000180000000     libmx:libmx.dll
 0000:00000000       .debug$S                   0000000180000000     libmx:libmx.dll
 0000:00000000       .debug$S                   0000000180000000     libmx:libmx.dll
 0000:00000000       .debug$S                   0000000180000000     libmx:libmx.dll
[...]
 0003:00008a08       $SG21287                   0000000180028a08     flightControlSystem_sfun_registry.obj
 0003:00008a1c       $SG21360                   0000000180028a1c     flightControlSystem_sfun_registry.obj
 0003:00008a28       $SG21361                   0000000180028a28     flightControlSystem_sfun_registry.obj
 0003:00008a3c       $SG21365                   0000000180028a3c     flightControlSystem_sfun_registry.obj
 0003:00008a48       $SG21366                   0000000180028a48     flightControlSystem_sfun_registry.obj
 0003:00008a68       $SG21480                   0000000180028a68     flightControlSystem_sfun_registry.obj
 0003:00008a90       _sfcnName                  0000000180028a90     flightControlSystem_sfun_registry.obj
 0003:00008ab0       $SG21495                   0000000180028ab0     flightControlSystem_sfun_registry.obj
 0003:00008b28       $SG21800                   0000000180028b28     flightControlSystem_sfun_registry.obj
 0003:00008b30       $SG21801                   0000000180028b30     flightControlSystem_sfun_registry.obj
 0003:00008b38       $SG21813                   0000000180028b38     flightControlSystem_sfun_registry.obj
 0003:00008b48       $SG21949                   0000000180028b48     flightControlSystem_sfun_registry.obj
 0003:00008b88       $SG21950                   0000000180028b88     flightControlSystem_sfun_registry.obj
 0003:00008b98       $SG21951                   0000000180028b98     flightControlSystem_sfun_registry.obj
 0003:00008ba0       $SG21955                   0000000180028ba0     flightControlSystem_sfun_registry.obj
 0003:00008be8       $SG21956                   0000000180028be8     flightControlSystem_sfun_registry.obj
 0003:00008bf8       $SG21957                   0000000180028bf8     flightControlSystem_sfun_registry.obj
 0003:00008c00       $SG21958                   0000000180028c00     flightControlSystem_sfun_registry.obj
 0003:00008c58       $SG21959                   0000000180028c58     flightControlSystem_sfun_registry.obj
 0003:00008c68       $SG21960                   0000000180028c68     flightControlSystem_sfun_registry.obj
 0003:00008c70       $SG21980                   0000000180028c70     flightControlSystem_sfun_registry.obj
 0003:00008cb0       $SG21981                   0000000180028cb0     flightControlSystem_sfun_registry.obj
 0003:00008cc0       $SG21982                   0000000180028cc0     flightControlSystem_sfun_registry.obj
 0003:00008cd0       $SG21986                   0000000180028cd0     flightControlSystem_sfun_registry.obj
 0003:00008d18       $SG21987                   0000000180028d18     flightControlSystem_sfun_registry.obj
 0003:00008d28       $SG21988                   0000000180028d28     flightControlSystem_sfun_registry.obj
 0003:00008d30       $SG21989                   0000000180028d30     flightControlSystem_sfun_registry.obj
 0003:00008d88       $SG21990                   0000000180028d88     flightControlSystem_sfun_registry.obj
 0003:00008d98       $SG21991                   0000000180028d98     flightControlSystem_sfun_registry.obj
 0003:00008da0       $SG22010                   0000000180028da0     flightControlSystem_sfun_registry.obj
 0003:00008df0       $SG22011                   0000000180028df0     flightControlSystem_sfun_registry.obj
 0003:00008e00       $SG22012                   0000000180028e00     flightControlSystem_sfun_registry.obj
 0003:00008e10       $SG22021                   0000000180028e10     flightControlSystem_sfun_registry.obj
 0003:00008e70       $SG22022                   0000000180028e70     flightControlSystem_sfun_registry.obj
 0003:00008e78       $SG22023                   0000000180028e78     flightControlSystem_sfun_registry.obj
 0003:00008e80       $SG22032                   0000000180028e80     flightControlSystem_sfun_registry.obj
 0003:00008ee0       $SG22033                   0000000180028ee0     flightControlSystem_sfun_registry.obj
 0003:00008ee8       $SG22034                   0000000180028ee8     flightControlSystem_sfun_registry.obj
 0003:00008ef0       $SG22340                   0000000180028ef0     flightControlSystem_sfun_registry.obj
 0003:00008f70       $SG22343                   0000000180028f70     flightControlSystem_sfun_registry.obj
 0003:00008ff0       $SG22348                   0000000180028ff0     flightControlSystem_sfun_registry.obj
 0003:00009070       $SG22356                   0000000180029070     flightControlSystem_sfun_registry.obj
 0003:000090e0       $SG22629                   00000001800290e0     flightControlSystem_sfun_registry.obj
 0003:00009160       $SG22634                   0000000180029160     flightControlSystem_sfun_registry.obj
 0003:000091d8       $SG22958                   00000001800291d8     flightControlSystem_sfun_registry.obj
 0003:000091f0       $SG22971                   00000001800291f0     flightControlSystem_sfun_registry.obj
 0003:00009268       $SG22974                   0000000180029268     flightControlSystem_sfun_registry.obj
 0003:0000926c       $SG23026                   000000018002926c     flightControlSystem_sfun_registry.obj
 0003:00009274       $SG23027                   0000000180029274     flightControlSystem_sfun_registry.obj
 0003:0000927c       $SG23028                   000000018002927c     flightControlSystem_sfun_registry.obj
 0003:00009290       $SG23029                   0000000180029290     flightControlSystem_sfun_registry.obj
 0003:00009310       $SG23031                   0000000180029310     flightControlSystem_sfun_registry.obj
 0003:0000938c       $SG23034                   000000018002938c     flightControlSystem_sfun_registry.obj
 0003:00009394       $SG23037                   0000000180029394     flightControlSystem_sfun_registry.obj
 0003:0000939c       $SG23040                   000000018002939c     flightControlSystem_sfun_registry.obj
 0003:000093b0       $SG23041                   00000001800293b0     flightControlSystem_sfun_registry.obj
 0003:00009430       $SG23042                   0000000180029430     flightControlSystem_sfun_registry.obj
 0003:00009440       $SG23044                   0000000180029440     flightControlSystem_sfun_registry.obj
 0003:0000944c       $SG23046                   000000018002944c     flightControlSystem_sfun_registry.obj
 0003:00009454       $SG23048                   0000000180029454     flightControlSystem_sfun_registry.obj
 0003:00009460       $SG23050                   0000000180029460     flightControlSystem_sfun_registry.obj
 0003:0000946c       $SG23052                   000000018002946c     flightControlSystem_sfun_registry.obj
 0003:00009470       $SG23055                   0000000180029470     flightControlSystem_sfun_registry.obj
 0003:00009558       $SG23165                   0000000180029558     flightControlSystem_sfun_registry.obj
 0003:00009588       $SG23166                   0000000180029588     flightControlSystem_sfun_registry.obj
 0003:00009598       $SG23167                   0000000180029598     flightControlSystem_sfun_registry.obj
 0003:000095a0       $SG23169                   00000001800295a0     flightControlSystem_sfun_registry.obj
 0003:000095d8       $SG23170                   00000001800295d8     flightControlSystem_sfun_registry.obj
 0003:000095e8       $SG23171                   00000001800295e8     flightControlSystem_sfun_registry.obj
 0003:000095f0       $SG23174                   00000001800295f0     flightControlSystem_sfun_registry.obj
 0003:00009628       $SG23175                   0000000180029628     flightControlSystem_sfun_registry.obj
 0003:00009638       $SG23176                   0000000180029638     flightControlSystem_sfun_registry.obj
 0003:00009640       $SG23178                   0000000180029640     flightControlSystem_sfun_registry.obj
 0003:00009678       $SG23179                   0000000180029678     flightControlSystem_sfun_registry.obj
 0003:00009688       $SG23180                   0000000180029688     flightControlSystem_sfun_registry.obj
 0003:00009690       $SG23182                   0000000180029690     flightControlSystem_sfun_registry.obj
 0003:000096c8       $SG23183                   00000001800296c8     flightControlSystem_sfun_registry.obj
 0003:000096d8       $SG23184                   00000001800296d8     flightControlSystem_sfun_registry.obj
 0003:000096e0       $SG23187                   00000001800296e0     flightControlSystem_sfun_registry.obj
 0003:000096e8       $SG23189                   00000001800296e8     flightControlSystem_sfun_registry.obj
 0003:00009700       $SG23190                   0000000180029700     flightControlSystem_sfun_registry.obj
 0003:00009738       $SG23191                   0000000180029738     flightControlSystem_sfun_registry.obj
 0003:00009748       $SG23192                   0000000180029748     flightControlSystem_sfun_registry.obj
 0003:00009750       $SG23358                   0000000180029750     flightControlSystem_sfun_registry.obj
 0003:00009770       $SG23359                   0000000180029770     flightControlSystem_sfun_registry.obj
 0003:00009800       $SG23365                   0000000180029800     flightControlSystem_sfun_registry.obj
 0003:00009820       $SG23366                   0000000180029820     flightControlSystem_sfun_registry.obj
 0003:000098b0       $SG23372                   00000001800298b0     flightControlSystem_sfun_registry.obj
 0003:000098d0       $SG23373                   00000001800298d0     flightControlSystem_sfun_registry.obj
 0003:00009960       $SG23379                   0000000180029960     flightControlSystem_sfun_registry.obj
 0003:00009980       $SG23380                   0000000180029980     flightControlSystem_sfun_registry.obj
 0003:00009a10       $SG23386                   0000000180029a10     flightControlSystem_sfun_registry.obj
 0003:00009a30       $SG23387                   0000000180029a30     flightControlSystem_sfun_registry.obj
 0003:00009ac0       $SG23391                   0000000180029ac0     flightControlSystem_sfun_registry.obj
 0003:00009ae0       $SG23392                   0000000180029ae0     flightControlSystem_sfun_registry.obj
 0003:00009b70       $SG23396                   0000000180029b70     flightControlSystem_sfun_registry.obj
 0003:00009ba0       $SG23397                   0000000180029ba0     flightControlSystem_sfun_registry.obj
 0003:00009c30       $SG23401                   0000000180029c30     flightControlSystem_sfun_registry.obj
 0003:00009c60       $SG23402                   0000000180029c60     flightControlSystem_sfun_registry.obj
 0003:00009cf0       $SG23406                   0000000180029cf0     flightControlSystem_sfun_registry.obj
 0003:00009d10       $SG23407                   0000000180029d10     flightControlSystem_sfun_registry.obj
 0003:00009da0       $SG23411                   0000000180029da0     flightControlSystem_sfun_registry.obj
 0003:00009dc0       $SG23412                   0000000180029dc0     flightControlSystem_sfun_registry.obj
 0003:00009e50       $SG23416                   0000000180029e50     flightControlSystem_sfun_registry.obj
 0003:00009e70       $SG23417                   0000000180029e70     flightControlSystem_sfun_registry.obj
 0003:00009f00       $SG23421                   0000000180029f00     flightControlSystem_sfun_registry.obj
 0003:00009f20       $SG23422                   0000000180029f20     flightControlSystem_sfun_registry.obj
 0003:00009fb0       $SG23426                   0000000180029fb0     flightControlSystem_sfun_registry.obj
 0003:00009fd0       $SG23427                   0000000180029fd0     flightControlSystem_sfun_registry.obj
 0003:0000a060       $SG23431                   000000018002a060     flightControlSystem_sfun_registry.obj
 0003:0000a080       $SG23432                   000000018002a080     flightControlSystem_sfun_registry.obj
 0003:0000a110       $SG23436                   000000018002a110     flightControlSystem_sfun_registry.obj
 0003:0000a130       $SG23437                   000000018002a130     flightControlSystem_sfun_registry.obj
 0003:0000a1c0       $SG23441                   000000018002a1c0     flightControlSystem_sfun_registry.obj
 0003:0000a1e0       $SG23442                   000000018002a1e0     flightControlSystem_sfun_registry.obj
 0003:0000a270       $SG23446                   000000018002a270     flightControlSystem_sfun_registry.obj
 0003:0000a290       $SG23447                   000000018002a290     flightControlSystem_sfun_registry.obj
 0003:0000a320       $SG23452                   000000018002a320     flightControlSystem_sfun_registry.obj
 0003:0000a340       $SG23453                   000000018002a340     flightControlSystem_sfun_registry.obj
 0003:0000a3d0       $SG23458                   000000018002a3d0     flightControlSystem_sfun_registry.obj
 0003:0000a3e0       $SG23459                   000000018002a3e0     flightControlSystem_sfun_registry.obj
 0003:0000a470       $SG23463                   000000018002a470     flightControlSystem_sfun_registry.obj
 0003:0000a490       $SG23464                   000000018002a490     flightControlSystem_sfun_registry.obj
 0003:0000a520       $SG23468                   000000018002a520     flightControlSystem_sfun_registry.obj
 0003:0000a530       $SG23469                   000000018002a530     flightControlSystem_sfun_registry.obj
 0003:0000a5c0       $SG23473                   000000018002a5c0     flightControlSystem_sfun_registry.obj
 0003:0000a5e0       $SG23474                   000000018002a5e0     flightControlSystem_sfun_registry.obj
 0003:0000a670       $SG23478                   000000018002a670     flightControlSystem_sfun_registry.obj
 0003:0000a690       $SG23479                   000000018002a690     flightControlSystem_sfun_registry.obj
 0003:0000a720       $SG23483                   000000018002a720     flightControlSystem_sfun_registry.obj
 0003:0000a730       $SG23484                   000000018002a730     flightControlSystem_sfun_registry.obj
 0003:0000a7c0       $SG23488                   000000018002a7c0     flightControlSystem_sfun_registry.obj
 0003:0000a7d0       $SG23489                   000000018002a7d0     flightControlSystem_sfun_registry.obj
 0003:0000a860       $SG23493                   000000018002a860     flightControlSystem_sfun_registry.obj
 0003:0000a880       $SG23494                   000000018002a880     flightControlSystem_sfun_registry.obj
 0003:0000a910       $SG23498                   000000018002a910     flightControlSystem_sfun_registry.obj
 0003:0000a930       $SG23499                   000000018002a930     flightControlSystem_sfun_registry.obj
 0003:0000a9c0       $SG23503                   000000018002a9c0     flightControlSystem_sfun_registry.obj
 0003:0000a9d0       $SG23504                   000000018002a9d0     flightControlSystem_sfun_registry.obj
 0003:0000aa60       $SG23512                   000000018002aa60     flightControlSystem_sfun_registry.obj
 0003:0000aa70       $SG23513                   000000018002aa70     flightControlSystem_sfun_registry.obj
 0003:0000ab00       $SG23519                   000000018002ab00     flightControlSystem_sfun_registry.obj
 0003:0000ab10       $SG23520                   000000018002ab10     flightControlSystem_sfun_registry.obj
 0003:0000aba0       $SG23524                   000000018002aba0     flightControlSystem_sfun_registry.obj
 0003:0000abb0       $SG23525                   000000018002abb0     flightControlSystem_sfun_registry.obj
 0003:0000ac40       $SG23530                   000000018002ac40     flightControlSystem_sfun_registry.obj
 0003:0000ac50       $SG23531                   000000018002ac50     flightControlSystem_sfun_registry.obj
 0003:0000ace0       $SG23535                   000000018002ace0     flightControlSystem_sfun_registry.obj
 0003:0000ad60       $SG23558                   000000018002ad60     flightControlSystem_sfun_registry.obj
 0003:0000ae78       $SG23566                   000000018002ae78     flightControlSystem_sfun_registry.obj
 0003:0000ae88       $SG23573                   000000018002ae88     flightControlSystem_sfun_registry.obj
 0003:0000ae98       $SG23581                   000000018002ae98     flightControlSystem_sfun_registry.obj
 0003:0000aea8       $SG23588                   000000018002aea8     flightControlSystem_sfun_registry.obj
 0003:0000aeb8       $SG23596                   000000018002aeb8     flightControlSystem_sfun_registry.obj
 0003:0000aec8       $SG23603                   000000018002aec8     flightControlSystem_sfun_registry.obj
 0003:0000aed8       $SG23609                   000000018002aed8     flightControlSystem_sfun_registry.obj
 0003:0000aef8       $SG23619                   000000018002aef8     flightControlSystem_sfun_registry.obj
 0003:0000af28       $SG23620                   000000018002af28     flightControlSystem_sfun_registry.obj
 0003:0000af30       $SG23621                   000000018002af30     flightControlSystem_sfun_registry.obj
 0003:0000af38       $SG23631                   000000018002af38     flightControlSystem_sfun_registry.obj
 0003:0000af70       $SG23632                   000000018002af70     flightControlSystem_sfun_registry.obj
 0003:0000af78       $SG23633                   000000018002af78     flightControlSystem_sfun_registry.obj
 0003:0000b010       sRtwOptimizationInfoStruct 000000018002b010     flightControlSystem_sfun.obj
 0003:0000b018       sOptimizationInfoFlags     000000018002b018     flightControlSystem_sfun.obj
 0003:0000b020       _sfTime_                   000000018002b020     c1_flightControlSystem.obj
 0003:0000b028       $SG21847                   000000018002b028     c1_flightControlSystem.obj
 0003:0000b029       $SG23207                   000000018002b029     c1_flightControlSystem.obj
 0003:0000b02a       $SG23208                   000000018002b02a     c1_flightControlSystem.obj
 0003:0000b02b       $SG23342                   000000018002b02b     c1_flightControlSystem.obj
 0003:0000b030       ?newstr@?1??sf_c1_flightControlSystem_get_post_codegen_info@@9@9 000000018002b030     c1_flightControlSystem.obj
 0003:0000b690       _sfTime_                   000000018002b690     c6_flightControlSystem.obj
 0003:0000b698       $SG21437                   000000018002b698     c6_flightControlSystem.obj
 0003:0000b699       $SG22046                   000000018002b699     c6_flightControlSystem.obj
 0003:0000b69a       $SG22047                   000000018002b69a     c6_flightControlSystem.obj
 0003:0000b69b       $SG22179                   000000018002b69b     c6_flightControlSystem.obj
 0003:0000b6a0       ?newstr@?1??sf_c6_flightControlSystem_get_post_codegen_info@@9@9 000000018002b6a0     c6_flightControlSystem.obj
 0003:0000bca4       sfGlobalMdlStartCallCounts 000000018002bca4     flightControlSystem_sfun_registry.obj
 0003:0000bca8       $SG23022                   000000018002bca8     flightControlSystem_sfun_registry.obj
 0003:0000bcaa       ?warningGuard@?1??ssGetRootSS@@9@9 000000018002bcaa     flightControlSystem_sfun_registry.obj
 0003:0000bcab       ?warningGuard@?1??ssGetParentSS@@9@9 000000018002bcab     flightControlSystem_sfun_registry.obj
 0003:0000bcb0       GS_ExceptionRecord         000000018002bcb0     MSVCRT:gs_report.obj
 0003:0000bd50       GS_ContextRecord           000000018002bd50     MSVCRT:gs_report.obj
 0003:0000c220       ?__proc_attached@@3HA      000000018002c220     MSVCRT:dll_dllmain.obj
 0003:0000c260       ?is_initialized_as_dll@@3_NA 000000018002c260     MSVCRT:utility.obj
 0003:0000c261       ?module_local_atexit_table_initialized@@3_NA 000000018002c261     MSVCRT:utility.obj
 0003:0000c268       ?module_local_atexit_table@@3U_onexit_table_t@@A 000000018002c268     MSVCRT:utility.obj
 0003:0000c280       ?module_local_at_quick_exit_table@@3U_onexit_table_t@@A 000000018002c280     MSVCRT:utility.obj
